Component: ARM Compiler 6.16 Tool: armlink [5dfea300]

==============================================================================

Memory Map of the image

  Image Entry point : 0x00000301

  Load Region LR_IROM1 (Base: 0x00000000, Size: 0x00074ef0, Max: 0x00080000, ABSOLUTE, COMPRESSED[0x00074de4])

    Execution Region ER_IROM0 (Base: 0x00000000, Size: 0x000000c4, Max: 0x000002fc, ABSOLUTE)

    Base Addr    Size         Type   Attr      Idx    E Section Name        Object

    0x00000000   0x000000c4   Data   RO         4219    RESET               BUILD/LPC1768/ARMC6/mbed-os/targets/TARGET_NXP/TARGET_LPC176X/device/TOOLCHAIN_ARM_STD/startup_LPC17xx.o


    Execution Region ER_CRP (Base: 0x000002fc, Size: 0x00000004, Max: 0x00000004, ABSOLUTE, FIXED)

    Base Addr    Size         Type   Attr      Idx    E Section Name        Object

    0x000002fc   0x00000004   Data   RO         4218    .CRPSection         BUILD/LPC1768/ARMC6/mbed-os/targets/TARGET_NXP/TARGET_LPC176X/device/CRP.o


    Execution Region ER_IROM1 (Base: 0x00000300, Size: 0x00074a14, Max: 0x0007fd00, ABSOLUTE, FIXED)

    Base Addr    Size         Type   Attr      Idx    E Section Name        Object

    0x00000300   0x00000008   Code   RO         5592  * !!!main             /Library/Application Support/Mbed Studio/mbed-studio-tools/ac6/bin/../lib/armlib/c_w.l(__main.o)
    0x00000308   0x00000034   Code   RO         6264    !!!scatter          /Library/Application Support/Mbed Studio/mbed-studio-tools/ac6/bin/../lib/armlib/c_w.l(__scatter.o)
    0x0000033c   0x0000005a   Code   RO         6262    !!dczerorl2         /Library/Application Support/Mbed Studio/mbed-studio-tools/ac6/bin/../lib/armlib/c_w.l(__dczerorl2.o)
    0x00000396   0x00000002   PAD
    0x00000398   0x0000001c   Code   RO         6266    !!handler_zi        /Library/Application Support/Mbed Studio/mbed-studio-tools/ac6/bin/../lib/armlib/c_w.l(__scatter_zi.o)
    0x000003b4   0x00000000   Code   RO         5496    .ARM.Collect$$_printf_percent$$00000000  /Library/Application Support/Mbed Studio/mbed-studio-tools/ac6/bin/../lib/armlib/c_w.l(_printf_percent.o)
    0x000003b4   0x00000006   Code   RO         5793    .ARM.Collect$$_printf_percent$$00000001  /Library/Application Support/Mbed Studio/mbed-studio-tools/ac6/bin/../lib/armlib/c_w.l(_printf_n.o)
    0x000003ba   0x00000006   Code   RO         5492    .ARM.Collect$$_printf_percent$$00000002  /Library/Application Support/Mbed Studio/mbed-studio-tools/ac6/bin/../lib/armlib/c_w.l(_printf_p.o)
    0x000003c0   0x00000006   Code   RO         5495    .ARM.Collect$$_printf_percent$$00000003  /Library/Application Support/Mbed Studio/mbed-studio-tools/ac6/bin/../lib/armlib/c_w.l(_printf_f.o)
    0x000003c6   0x00000006   Code   RO         5796    .ARM.Collect$$_printf_percent$$00000004  /Library/Application Support/Mbed Studio/mbed-studio-tools/ac6/bin/../lib/armlib/c_w.l(_printf_e.o)
    0x000003cc   0x00000006   Code   RO         5797    .ARM.Collect$$_printf_percent$$00000005  /Library/Application Support/Mbed Studio/mbed-studio-tools/ac6/bin/../lib/armlib/c_w.l(_printf_g.o)
    0x000003d2   0x00000006   Code   RO         5798    .ARM.Collect$$_printf_percent$$00000006  /Library/Application Support/Mbed Studio/mbed-studio-tools/ac6/bin/../lib/armlib/c_w.l(_printf_a.o)
    0x000003d8   0x0000000a   Code   RO         5803    .ARM.Collect$$_printf_percent$$00000007  /Library/Application Support/Mbed Studio/mbed-studio-tools/ac6/bin/../lib/armlib/c_w.l(_printf_ll.o)
    0x000003e2   0x00000006   Code   RO         5795    .ARM.Collect$$_printf_percent$$00000008  /Library/Application Support/Mbed Studio/mbed-studio-tools/ac6/bin/../lib/armlib/c_w.l(_printf_i.o)
    0x000003e8   0x00000006   Code   RO         5493    .ARM.Collect$$_printf_percent$$00000009  /Library/Application Support/Mbed Studio/mbed-studio-tools/ac6/bin/../lib/armlib/c_w.l(_printf_d.o)
    0x000003ee   0x00000006   Code   RO         5494    .ARM.Collect$$_printf_percent$$0000000A  /Library/Application Support/Mbed Studio/mbed-studio-tools/ac6/bin/../lib/armlib/c_w.l(_printf_u.o)
    0x000003f4   0x00000006   Code   RO         5794    .ARM.Collect$$_printf_percent$$0000000B  /Library/Application Support/Mbed Studio/mbed-studio-tools/ac6/bin/../lib/armlib/c_w.l(_printf_o.o)
    0x000003fa   0x00000006   Code   RO         5491    .ARM.Collect$$_printf_percent$$0000000C  /Library/Application Support/Mbed Studio/mbed-studio-tools/ac6/bin/../lib/armlib/c_w.l(_printf_x.o)
    0x00000400   0x00000006   Code   RO         5800    .ARM.Collect$$_printf_percent$$0000000D  /Library/Application Support/Mbed Studio/mbed-studio-tools/ac6/bin/../lib/armlib/c_w.l(_printf_lli.o)
    0x00000406   0x00000006   Code   RO         5801    .ARM.Collect$$_printf_percent$$0000000E  /Library/Application Support/Mbed Studio/mbed-studio-tools/ac6/bin/../lib/armlib/c_w.l(_printf_lld.o)
[...]
    0x00014348   0x00000004   Code   RO         2050    .text._ZN4mbed16FileSystemHandle6removeEPKc  BUILD/LPC1768/ARMC6/mbed-os/platform/source/FileSystemHandle.o
    0x0001434c   0x00000004   Code   RO         2052    .text._ZN4mbed16FileSystemHandle6renameEPKcS2_  BUILD/LPC1768/ARMC6/mbed-os/platform/source/FileSystemHandle.o
    0x00014350   0x00000008   Code   RO         2058    .text._ZN4mbed16FileSystemHandle7statvfsEPKcP7statvfs  BUILD/LPC1768/ARMC6/mbed-os/platform/source/FileSystemHandle.o
    0x00014358   0x00000002   Code   RO         2064    .text._ZN4mbed16FileSystemHandleD0Ev  BUILD/LPC1768/ARMC6/mbed-os/platform/source/FileSystemHandle.o
    0x0001435a   0x00000002   Code   RO         2062    .text._ZN4mbed16FileSystemHandleD2Ev  BUILD/LPC1768/ARMC6/mbed-os/platform/source/FileSystemHandle.o
    0x0001435c   0x00000070   Code   RO         2744    .text._ZN4mbed16mbed_file_handleEi  BUILD/LPC1768/ARMC6/mbed-os/platform/source/mbed_retarget.o
    0x000143cc   0x00000038   Code   RO         2724    .text._ZN4mbed17remove_filehandleEPNS_10FileHandleE  BUILD/LPC1768/ARMC6/mbed-os/platform/source/mbed_retarget.o
    0x00014404   0x0000000c   Code   RO         1967    .text._ZN4mbed19CriticalSectionLockC2Ev  BUILD/LPC1768/ARMC6/mbed-os/platform/source/CriticalSectionLock.o
    0x00014410   0x0000000c   Code   RO         1969    .text._ZN4mbed19CriticalSectionLockD2Ev  BUILD/LPC1768/ARMC6/mbed-os/platform/source/CriticalSectionLock.o
    0x0001441c   0x00000006   Code   RO         2754    .text._ZN4mbed26mbed_set_unbuffered_streamEPSt6__FILE  BUILD/LPC1768/ARMC6/mbed-os/platform/source/mbed_retarget.o
    0x00014422   0x00000026   Code   RO         4004    .text._ZN4mbed3Dir4openEPNS_10FileSystemEPKc  BUILD/LPC1768/ARMC6/mbed-os/storage/filesystem/source/Dir.o
    0x00014448   0x00000020   Code   RO         4008    .text._ZN4mbed3Dir4readEP6dirent  BUILD/LPC1768/ARMC6/mbed-os/storage/filesystem/source/Dir.o
    0x00014468   0x00000010   Code   RO         4010    .text._ZN4mbed3Dir4seekEl  BUILD/LPC1768/ARMC6/mbed-os/storage/filesystem/source/Dir.o
    0x00014478   0x0000000c   Code   RO         4016    .text._ZN4mbed3Dir4sizeEv  BUILD/LPC1768/ARMC6/mbed-os/storage/filesystem/source/Dir.o
    0x00014484   0x0000000c   Code   RO         4012    .text._ZN4mbed3Dir4tellEv  BUILD/LPC1768/ARMC6/mbed-os/storage/filesystem/source/Dir.o
    0x00014490   0x0000001c   Code   RO         4006    .text._ZN4mbed3Dir5closeEv  BUILD/LPC1768/ARMC6/mbed-os/storage/filesystem/source/Dir.o
    0x000144ac   0x0000000c   Code   RO         4014    .text._ZN4mbed3Dir6rewindEv  BUILD/LPC1768/ARMC6/mbed-os/storage/filesystem/source/Dir.o
    0x000144b8   0x00000010   Code   RO         3996    .text._ZN4mbed3DirC2Ev  BUILD/LPC1768/ARMC6/mbed-os/storage/filesystem/source/Dir.o
    0x000144c8   0x0000000e   Code   RO         4002    .text._ZN4mbed3DirD0Ev  BUILD/LPC1768/ARMC6/mbed-os/storage/filesystem/source/Dir.o
    0x000144d6   0x00000002   PAD
    0x000144d8   0x0000001c   Code   RO         4000    .text._ZN4mbed3DirD2Ev  BUILD/LPC1768/ARMC6/mbed-os/storage/filesystem/source/Dir.o
    0x000144f4   0x0000004c   Code   RO         1287    .text._ZN4mbed3SPI13_do_constructEv  BUILD/LPC1768/ARMC6/mbed-os/drivers/source/SPI.o
    0x00014540   0x0000001e   Code   RO         1325    .text._ZN4mbed3SPI23set_default_write_valueEc  BUILD/LPC1768/ARMC6/mbed-os/drivers/source/SPI.o
    0x0001455e   0x00000008   Code   RO         1321    .text._ZN4mbed3SPI4lockEv  BUILD/LPC1768/ARMC6/mbed-os/drivers/source/SPI.o
    0x00014566   0x00000032   Code   RO         1317    .text._ZN4mbed3SPI5writeEPKciPci  BUILD/LPC1768/ARMC6/mbed-os/drivers/source/SPI.o
    0x00014598   0x00000020   Code   RO         1311    .text._ZN4mbed3SPI5writeEi  BUILD/LPC1768/ARMC6/mbed-os/drivers/source/SPI.o
    0x000145b8   0x0000003c   Code   RO         1305    .text._ZN4mbed3SPI6formatEii  BUILD/LPC1768/ARMC6/mbed-os/drivers/source/SPI.o
    0x000145f4   0x0000002e   Code   RO         1313    .text._ZN4mbed3SPI6selectEv  BUILD/LPC1768/ARMC6/mbed-os/drivers/source/SPI.o
    0x00014622   0x00000008   Code   RO         1323    .text._ZN4mbed3SPI6unlockEv  BUILD/LPC1768/ARMC6/mbed-os/drivers/source/SPI.o
    0x0001462a   0x00000002   PAD
    0x0001462c   0x00000038   Code   RO         1297    .text._ZN4mbed3SPI7_lookupENS0_7SPINameE  BUILD/LPC1768/ARMC6/mbed-os/drivers/source/SPI.o
    0x00014664   0x00000030   Code   RO         1307    .text._ZN4mbed3SPI8_acquireEv  BUILD/LPC1768/ARMC6/mbed-os/drivers/source/SPI.o
    0x00014694   0x00000016   Code   RO         1285    .text._ZN4mbed3SPI8_do_initEPS0_  BUILD/LPC1768/ARMC6/mbed-os/drivers/source/SPI.o
    0x000146aa   0x00000020   Code   RO         1315    .text._ZN4mbed3SPI8deselectEv  BUILD/LPC1768/ARMC6/mbed-os/drivers/source/SPI.o
    0x000146ca   0x00000034   Code   RO         1309    .text._ZN4mbed3SPI9frequencyEi  BUILD/LPC1768/ARMC6/mbed-os/drivers/source/SPI.o
    0x000146fe   0x00000002   PAD
    0x00014700   0x00000034   Code   RO         1289    .text._ZN4mbed3SPIC2E7PinNameS1_S1_S1_NS_15use_gpio_ssel_tE  BUILD/LPC1768/ARMC6/mbed-os/drivers/source/SPI.o
    0x00014734   0x0000000e   Code   RO         1303    .text._ZN4mbed3SPID0Ev  BUILD/LPC1768/ARMC6/mbed-os/drivers/source/SPI.o
    0x00014742   0x00000002   PAD
    0x00014744   0x0000002c   Code   RO         1301    .text._ZN4mbed3SPID2Ev  BUILD/LPC1768/ARMC6/mbed-os/drivers/source/SPI.o
    0x00014770   0x00000026   Code   RO         4029    .text._ZN4mbed4File4openEPNS_10FileSystemEPKci  BUILD/LPC1768/ARMC6/mbed-os/storage/filesystem/source/File.o
    0x00014796   0x00000012   Code   RO         4033    .text._ZN4mbed4File4readEPvj  BUILD/LPC1768/ARMC6/mbed-os/storage/filesystem/source/File.o
    0x000147a8   0x00000012   Code   RO         4041    .text._ZN4mbed4File4seekEli  BUILD/LPC1768/ARMC6/mbed-os/storage/filesystem/source/File.o
    0x000147ba   0x0000000c   Code   RO         4047    .text._ZN4mbed4File4sizeEv  BUILD/LPC1768/ARMC6/mbed-os/storage/filesystem/source/File.o
    0x000147c6   0x0000000c   Code   RO         4037    .text._ZN4mbed4File4syncEv  BUILD/LPC1768/ARMC6/mbed-os/storage/filesystem/source/File.o
    0x000147d2   0x0000000c   Code   RO         4043    .text._ZN4mbed4File4tellEv  BUILD/LPC1768/ARMC6/mbed-os/storage/filesystem/source/File.o
    0x000147de   0x0000001c   Code   RO         4031    .text._ZN4mbed4File5closeEv  BUILD/LPC1768/ARMC6/mbed-os/storage/filesystem/source/File.o
    0x000147fa   0x00000012   Code   RO         4035    .text._ZN4mbed4File5writeEPKvj  BUILD/LPC1768/ARMC6/mbed-os/storage/filesystem/source/File.o
    0x0001480c   0x0000000c   Code   RO         4039    .text._ZN4mbed4File6isattyEv  BUILD/LPC1768/ARMC6/mbed-os/storage/filesystem/source/File.o
    0x00014818   0x0000000c   Code   RO         4045    .text._ZN4mbed4File6rewindEv  BUILD/LPC1768/ARMC6/mbed-os/storage/filesystem/source/File.o
    0x00014824   0x00000010   Code   RO         4049    .text._ZN4mbed4File8truncateEl  BUILD/LPC1768/ARMC6/mbed-os/storage/filesystem/source/File.o
    0x00014834   0x00000010   Code   RO         4021    .text._ZN4mbed4FileC2Ev  BUILD/LPC1768/ARMC6/mbed-os/storage/filesystem/source/File.o
    0x00014844   0x0000000e   Code   RO         4027    .text._ZN4mbed4FileD0Ev  BUILD/LPC1768/ARMC6/mbed-os/storage/filesystem/source/File.o
    0x00014852   0x00000002   PAD
    0x00014854   0x0000001c   Code   RO         4025    .text._ZN4mbed4FileD2Ev  BUILD/LPC1768/ARMC6/mbed-os/storage/filesystem/source/File.o
    0x00014870   0x00000016   Code   RO         1493    .text._ZN4mbed5TimerC2Ev  BUILD/LPC1768/ARMC6/mbed-os/drivers/source/Timer.o
    0x00014886   0x00000002   Code   RO         2203    .text._ZN4mbed6Stream4lockEv  BUILD/LPC1768/ARMC6/mbed-os/platform/source/Stream.o
    0x00014888   0x0000003a   Code   RO         2165    .text._ZN4mbed6Stream4readEPvj  BUILD/LPC1768/ARMC6/mbed-os/platform/source/Stream.o
    0x000148c2   0x00000004   Code   RO         2167    .text._ZN4mbed6Stream4seekEli  BUILD/LPC1768/ARMC6/mbed-os/platform/source/Stream.o
    0x000148c6   0x00000004   Code   RO         2177    .text._ZN4mbed6Stream4sizeEv  BUILD/LPC1768/ARMC6/mbed-os/platform/source/Stream.o
    0x000148ca   0x00000004   Code   RO         2175    .text._ZN4mbed6Stream4syncEv  BUILD/LPC1768/ARMC6/mbed-os/platform/source/Stream.o
    0x000148ce   0x00000004   Code   RO         2169    .text._ZN4mbed6Stream4tellEv  BUILD/LPC1768/ARMC6/mbed-os/platform/source/Stream.o
    0x000148d2   0x00000004   Code   RO         2161    .text._ZN4mbed6Stream5closeEv  BUILD/LPC1768/ARMC6/mbed-os/platform/source/Stream.o
    0x000148d6   0x0000003a   Code   RO         2163    .text._ZN4mbed6Stream5writeEPKvj  BUILD/LPC1768/ARMC6/mbed-os/platform/source/Stream.o
    0x00014910   0x00000004   Code   RO         2173    .text._ZN4mbed6Stream6isattyEv  BUILD/LPC1768/ARMC6/mbed-os/platform/source/Stream.o
    0x00014914   0x00000002   Code   RO         2171    .text._ZN4mbed6Stream6rewindEv  BUILD/LPC1768/ARMC6/mbed-os/platform/source/Stream.o
    0x00014916   0x00000002   Code   RO         2205    .text._ZN4mbed6Stream6unlockEv  BUILD/LPC1768/ARMC6/mbed-os/platform/source/Stream.o
    0x00014918   0x00000048   Code   RO         2143    .text._ZN4mbed6StreamC2EPKc  BUILD/LPC1768/ARMC6/mbed-os/platform/source/Stream.o
    0x00014960   0x00000002   Code   RO         2149    .text._ZN4mbed6StreamD0Ev  BUILD/LPC1768/ARMC6/mbed-os/platform/source/Stream.o
    0x00014962   0x00000002   PAD
    0x00014964   0x00000028   Code   RO         2145    .text._ZN4mbed6StreamD2Ev  BUILD/LPC1768/ARMC6/mbed-os/platform/source/Stream.o
    0x0001498c   0x00000020   Code   RO         1437    .text._ZN4mbed6TickerC2Ev  BUILD/LPC1768/ARMC6/mbed-os/drivers/source/Ticker.o
    0x000149ac   0x00000040   Code   RO         2756    .text._ZN4mbed6fdopenEPNS_10FileHandleEPKc  BUILD/LPC1768/ARMC6/mbed-os/platform/source/mbed_retarget.o
    0x000149ec   0x00000016   Code   RO         4130    .text._ZN4mbed7ManagedINS_3DirEE5closeEv  BUILD/LPC1768/ARMC6/mbed-os/storage/filesystem/source/FileSystem.o
    0x00014a02   0x00000002   PAD
    0x00014a04   0x00000014   Code   RO         4110    .text._ZN4mbed7ManagedINS_3DirEEC2Ev  BUILD/LPC1768/ARMC6/mbed-os/storage/filesystem/source/FileSystem.o
    0x00014a18   0x0000000e   Code   RO         4128    .text._ZN4mbed7ManagedINS_3DirEED0Ev  BUILD/LPC1768/ARMC6/mbed-os/storage/filesystem/source/FileSystem.o
    0x00014a26   0x00000016   Code   RO         4126    .text._ZN4mbed7ManagedINS_4FileEE5closeEv  BUILD/LPC1768/ARMC6/mbed-os/storage/filesystem/source/FileSystem.o
    0x00014a3c   0x00000014   Code   RO         4108    .text._ZN4mbed7ManagedINS_4FileEEC2Ev  BUILD/LPC1768/ARMC6/mbed-os/storage/filesystem/source/FileSystem.o
    0x00014a50   0x0000000e   Code   RO         4124    .text._ZN4mbed7ManagedINS_4FileEED0Ev  BUILD/LPC1768/ARMC6/mbed-os/storage/filesystem/source/FileSystem.o
    0x00014a5e   0x00000006   Code   RO         3993    .text._ZN4mbed8CallbackIFvPKcEE11target_callIPS3_EEvPKNS_6detail12CallbackBaseES2_  BUILD/LPC1768/ARMC6/mbed-os/storage/filesystem/fat/source/FATFileSystem.o
    0x00014a64   0x00000004   Code   RO         4880    .text._ZN4mbed8CallbackIFvvEE11target_callIPS1_EEvPKNS_6detail12CallbackBaseE  BUILD/LPC1768/ARMC6/utilities/audio/gameMusic.o
    0x00014a68   0x00000004   Code   RO          887    .text._ZN4mbed8CallbackIFvvEE11target_callIZNS2_C1IPNS_14BufferedSerialEMS5_FvvELi0EEET_T0_EUlvE_EEvPKNS_6detail12CallbackBaseE  BUILD/LPC1768/ARMC6/mbed-os/drivers/source/BufferedSerial.o
    0x00014a6c   0x0000006c   Code   RO         2001    .text._ZN4mbed8FileBase6lookupEPKcj  BUILD/LPC1768/ARMC6/mbed-os/platform/source/FileBase.o
    0x00014ad8   0x00000040   Code   RO         1991    .text._ZN4mbed8FileBaseC2EPKcNS_8PathTypeE  BUILD/LPC1768/ARMC6/mbed-os/platform/source/FileBase.o
    0x00014b18   0x0000000e   Code   RO         1997    .text._ZN4mbed8FileBaseD0Ev  BUILD/LPC1768/ARMC6/mbed-os/platform/source/FileBase.o
    0x00014b26   0x00000002   PAD
    0x00014b28   0x00000050   Code   RO         1993    .text._ZN4mbed8FileBaseD2Ev  BUILD/LPC1768/ARMC6/mbed-os/platform/source/FileBase.o
    0x00014b78   0x0000002c   Code   RO         2201    .text._ZN4mbed8FileLikeC2EPKc  BUILD/LPC1768/ARMC6/mbed-os/platform/source/Stream.o
    0x00014ba4   0x00000002   Code   RO         2209    .text._ZN4mbed8FileLikeD0Ev  BUILD/LPC1768/ARMC6/mbed-os/platform/source/Stream.o
    0x00014ba6   0x0000000e   Code   RO         2207    .text._ZN4mbed8FileLikeD2Ev  BUILD/LPC1768/ARMC6/mbed-os/platform/source/Stream.o
    0x00014bb4   0x00000018   Code   RO         2038    .text._ZN4mbed8FilePath10fileSystemEv  BUILD/LPC1768/ARMC6/mbed-os/platform/source/FilePath.o
    0x00014bcc   0x00000018   Code   RO         2036    .text._ZN4mbed8FilePath12isFileSystemEv  BUILD/LPC1768/ARMC6/mbed-os/platform/source/FilePath.o
    0x00014be4   0x00000018   Code   RO         2042    .text._ZN4mbed8FilePath4fileEv  BUILD/LPC1768/ARMC6/mbed-os/platform/source/FilePath.o
    0x00014bfc   0x0000000a   Code   RO         2044    .text._ZN4mbed8FilePath6existsEv  BUILD/LPC1768/ARMC6/mbed-os/platform/source/FilePath.o
    0x00014c06   0x00000016   Code   RO         2040    .text._ZN4mbed8FilePath6isFileEv  BUILD/LPC1768/ARMC6/mbed-os/platform/source/FilePath.o
    0x00014c1c   0x0000003c   Code   RO         2032    .text._ZN4mbed8FilePathC2EPKc  BUILD/LPC1768/ARMC6/mbed-os/platform/source/FilePath.o
    0x00014c58   0x0000001c   Code   RO         2670    .text._ZN4mbed8internal13init_os_timerEv  BUILD/LPC1768/ARMC6/mbed-os/platform/source/mbed_os_timer.o
    0x00014c74   0x00000054   Code   RO         2680    .text._ZN4mbed8internal18do_sleep_operationINS0_18timed_predicate_opEEEvRT_  BUILD/LPC1768/ARMC6/mbed-os/platform/source/mbed_os_timer.o
    0x00014cc8   0x00000014   Code   RO         2692    .text._ZN4mbed8internal18timed_predicate_op13sleep_prepareEv  BUILD/LPC1768/ARMC6/mbed-os/platform/source/mbed_os_timer.o
    0x00014cdc   0x00000010   Code   RO         2682    .text._ZN4mbed8internal18timed_predicate_opD2Ev  BUILD/LPC1768/ARMC6/mbed-os/platform/source/mbed_os_timer.o
    0x00014cec   0x00000052   Code   RO         2676    .text._ZN4mbed8internal34do_timed_sleep_relative_or_foreverENSt3__26chrono8durationIjNS1_5ratioILx1ELx1000EEEEEPFbPvES7_  BUILD/LPC1768/ARMC6/mbed-os/platform/source/mbed_os_timer.o
    0x00014d3e   0x00000002   PAD
    0x00014d40   0x00000010   Code   RO         2694    .text._ZN4mbed8internal7OsClock13set_wake_timeENSt3__26chrono10time_pointIS1_NS3_8durationIxNS2_5ratioILx1ELx1000EEEEEEE  BUILD/LPC1768/ARMC6/mbed-os/platform/source/mbed_os_timer.o
    0x00014d50   0x0000001a   Code   RO         2688    .text._ZN4mbed8internal7OsClock3nowEv  BUILD/LPC1768/ARMC6/mbed-os/platform/source/mbed_os_timer.o
    0x00014d6a   0x0000001a   Code   RO         2274    .text._ZN4mbed8internal8SysTimerINSt3__25ratioILx1ELx1000EEELb1EE11cancel_wakeEv  BUILD/LPC1768/ARMC6/mbed-os/platform/source/SysTimer.o
    0x00014d84   0x00000048   Code   RO         2278    .text._ZN4mbed8internal8SysTimerINSt3__25ratioILx1ELx1000EEELb1EE13set_wake_timeENS2_6chrono10time_pointIS5_NS6_8durationIyS4_EEEE  BUILD/LPC1768/ARMC6/mbed-os/platform/source/SysTimer.o
    0x00014dcc   0x00000004   Code   RO         2292    .text._ZN4mbed8internal8SysTimerINSt3__25ratioILx1ELx1000EEELb1EE14_schedule_tickEv  BUILD/LPC1768/ARMC6/mbed-os/platform/source/SysTimer.o
    0x00014dd0   0x00000012   Code   RO         2280    .text._ZN4mbed8internal8SysTimerINSt3__25ratioILx1ELx1000EEELb1EE19update_and_get_tickEv  BUILD/LPC1768/ARMC6/mbed-os/platform/source/SysTimer.o
    0x00014de2   0x00000002   PAD
    0x00014de4   0x00000038   Code   RO         2310    .text._ZN4mbed8internal8SysTimerINSt3__25ratioILx1ELx1000EEELb1EE7handlerEv  BUILD/LPC1768/ARMC6/mbed-os/platform/source/SysTimer.o
    0x00014e1c   0x0000001c   Code   RO         2266    .text._ZN4mbed8internal8SysTimerINSt3__25ratioILx1ELx1000EEELb1EEC2EPK13ticker_data_t  BUILD/LPC1768/ARMC6/mbed-os/platform/source/SysTimer.o
    0x00014e38   0x00000002   Code   RO         4876    .text._ZN4mbed9AnalogOut4lockEv  BUILD/LPC1768/ARMC6/utilities/audio/gameMusic.o
    0x00014e3a   0x00000002   Code   RO         4878    .text._ZN4mbed9AnalogOut6unlockEv  BUILD/LPC1768/ARMC6/utilities/audio/gameMusic.o
    0x00014e3c   0x0000001a   Code   RO          769    .text._ZN4mbed9AnalogOut9write_u16Et  BUILD/LPC1768/ARMC6/mbed-os/drivers/source/AnalogOut.o
    0x00014e56   0x00000002   PAD
    0x00014e58   0x00000018   Code   RO         4870    .text._ZN4mbed9AnalogOutC2E7PinName  BUILD/LPC1768/ARMC6/utilities/audio/gameMusic.o
    0x00014e70   0x0000000e   Code   RO         4874    .text._ZN4mbed9AnalogOutD0Ev  BUILD/LPC1768/ARMC6/utilities/audio/gameMusic.o
    0x00014e7e   0x00000002   PAD
    0x00014e80   0x0000001c   Code   RO         4872    .text._ZN4mbed9AnalogOutD2Ev  BUILD/LPC1768/ARMC6/utilities/audio/gameMusic.o
    0x00014e9c   0x0000001a   Code   RO         1048    .text._ZN4mbed9DigitalIn4modeE7PinMode  BUILD/LPC1768/ARMC6/mbed-os/drivers/source/DigitalIn.o
    0x00014eb6   0x00000018   Code   RO          918    .text._ZN4mbed9DigitalInC2E7PinName  BUILD/LPC1768/ARMC6/mbed-os/drivers/source/BusIn.o
    0x00014ece   0x0000000e   Code   RO         5337    .text._ZN4mbed9DigitalIncviEv  BUILD/LPC1768/ARMC6/utilities/hardware/hardware.o
    0x00014edc   0x00000032   Code   RO         1477    .text._ZN4mbed9TimerBase4stopEv  BUILD/LPC1768/ARMC6/mbed-os/drivers/source/Timer.o
    0x00014f0e   0x00000022   Code   RO         1467    .text._ZN4mbed9TimerBase5resetEv  BUILD/LPC1768/ARMC6/mbed-os/drivers/source/Timer.o
    0x00014f30   0x0000002c   Code   RO         1475    .text._ZN4mbed9TimerBase5startEv  BUILD/LPC1768/ARMC6/mbed-os/drivers/source/Timer.o
    0x00014f5c   0x0000001e   Code   RO         1465    .text._ZN4mbed9TimerBaseC2EPK13ticker_data_tb  BUILD/LPC1768/ARMC6/mbed-os/drivers/source/Timer.o
    0x00014f7a   0x00000014   Code   RO         1473    .text._ZN4mbed9TimerBaseD2Ev  BUILD/LPC1768/ARMC6/mbed-os/drivers/source/Timer.o
    0x00014f8e   0x00000002   PAD
    0x00014f90   0x00000014   Code   RO         3914    .text._ZN4mbedL15fat_error_remapE7FRESULT  BUILD/LPC1768/ARMC6/mbed-os/storage/filesystem/fat/source/FATFileSystem.o
    0x00014fa4   0x00000050   Code   RO         3928    .text._ZN4mbedL15fat_path_prefixEiPKc  BUILD/LPC1768/ARMC6/mbed-os/storage/filesystem/fat/source/FATFileSystem.o
    0x00014ff4   0x00000020   Code   RO         3894    .text._ZN4mbedL20disk_get_sector_sizeEh  BUILD/LPC1768/ARMC6/mbed-os/storage/filesystem/fat/source/FATFileSystem.o
    0x00015014   0x00000008   Code   RO         3968    .text._ZN4mbedL8dodeleteEPKc  BUILD/LPC1768/ARMC6/mbed-os/storage/filesystem/fat/source/FATFileSystem.o
    0x0001501c   0x00000012   Code   RO          893    .text._ZN4mstd4impl6INVOKEIN4mbed14BufferedSerialEFvvERKPS3_JEEENSt3__29enable_ifIXaaaasr3std11is_functionIT0_EE5valuentsr3std10is_base_ofIT_NS8_5decayIT1_E4typeEEE5valuentsr20is_reference_wrapperISF_EE5valueEDTcldsdeclsr3stdE7forwardISD_Efp0_Efp_spclsr3stdE7forwardIT2_Efp1_EEEE4typeEMSB_SA_OSD_DpOSG_  BUILD/LPC1768/ARMC6/mbed-os/drivers/source/BufferedSerial.o
    0x0001502e   0x0000000c   Code   RO          891    .text._ZN4mstd6invokeIRKMN4mbed14BufferedSerialEFvvEJRKPS2_EEENS_13invoke_resultIT_JDpT0_EE4typeEOSB_DpOSC_  BUILD/LPC1768/ARMC6/mbed-os/drivers/source/BufferedSerial.o
    0x0001503a   0x00000004   Code   RO         3162    .text._ZN4rtos10ThisThread9sleep_forENSt3__26chrono8durationIjNS1_5ratioILx1ELx1000EEEEE  BUILD/LPC1768/ARMC6/mbed-os/rtos/source/ThisThread.o
    0x0001503e   0x00000010   Code   RO         4767    .text._ZN9uLCD_4DGL10freeBUFFEREv  BUILD/LPC1768/ARMC6/utilities/4DGL-uLCD-SE/uLCD_4DGL_main.o
    0x0001504e   0x0000005e   Code   RO         4769    .text._ZN9uLCD_4DGL12writeCOMMANDEPci  BUILD/LPC1768/ARMC6/utilities/4DGL-uLCD-SE/uLCD_4DGL_main.o
    0x000150ac   0x00000012   Code   RO         4645    .text._ZN9uLCD_4DGL13filled_circleEiiii  BUILD/LPC1768/ARMC6/utilities/4DGL-uLCD-SE/uLCD_4DGL_Graphics.o
    0x000150be   0x00000014   Code   RO         4765    .text._ZN9uLCD_4DGL13writeBYTEfastEc  BUILD/LPC1768/ARMC6/utilities/4DGL-uLCD-SE/uLCD_4DGL_main.o
    0x000150d2   0x00000012   Code   RO         4653    .text._ZN9uLCD_4DGL16filled_rectangleEiiiii  BUILD/LPC1768/ARMC6/utilities/4DGL-uLCD-SE/uLCD_4DGL_Graphics.o
    0x000150e4   0x0000002c   Code   RO         4761    .text._ZN9uLCD_4DGL3clsEv  BUILD/LPC1768/ARMC6/utilities/4DGL-uLCD-SE/uLCD_4DGL_main.o
    0x00015110   0x000000d8   Code   RO         4657    .text._ZN9uLCD_4DGL4BLITEiiiiPi  BUILD/LPC1768/ARMC6/utilities/4DGL-uLCD-SE/uLCD_4DGL_Graphics.o
    0x000151e8   0x000000c6   Code   RO         4739    .text._ZN9uLCD_4DGL4putcEc  BUILD/LPC1768/ARMC6/utilities/4DGL-uLCD-SE/uLCD_4DGL_Text.o
    0x000152ae   0x00000006   Code   RO         4812    .text._ZN9uLCD_4DGL5_getcEv  BUILD/LPC1768/ARMC6/utilities/4DGL-uLCD-SE/uLCD_4DGL_main.o
    0x000152b4   0x0000000c   Code   RO         4810    .text._ZN9uLCD_4DGL5_putcEi  BUILD/LPC1768/ARMC6/utilities/4DGL-uLCD-SE/uLCD_4DGL_main.o
    0x000152c0   0x00000040   Code   RO         4655    .text._ZN9uLCD_4DGL5pixelEiii  BUILD/LPC1768/ARMC6/utilities/4DGL-uLCD-SE/uLCD_4DGL_Graphics.o
    0x00015300   0x00000038   Code   RO         4759    .text._ZN9uLCD_4DGL5resetEv  BUILD/LPC1768/ARMC6/utilities/4DGL-uLCD-SE/uLCD_4DGL_main.o
    0x00015338   0x00000012   Code   RO         4643    .text._ZN9uLCD_4DGL6circleEiiii  BUILD/LPC1768/ARMC6/utilities/4DGL-uLCD-SE/uLCD_4DGL_Graphics.o
    0x0001534a   0x00000002   PAD
    0x0001534c   0x000001bc   Code   RO         4777    .text._ZN9uLCD_4DGL8baudrateEi  BUILD/LPC1768/ARMC6/utilities/4DGL-uLCD-SE/uLCD_4DGL_main.o
    0x00015508   0x00000064   Code   RO         4715    .text._ZN9uLCD_4DGL8set_fontEc  BUILD/LPC1768/ARMC6/utilities/4DGL-uLCD-SE/uLCD_4DGL_Text.o
    0x0001556c   0x00000070   Code   RO         4647    .text._ZN9uLCD_4DGL8triangleEiiiiiii  BUILD/LPC1768/ARMC6/utilities/4DGL-uLCD-SE/uLCD_4DGL_Graphics.o
    0x000155dc   0x00000012   Code   RO         4651    .text._ZN9uLCD_4DGL9rectangleEiiiii  BUILD/LPC1768/ARMC6/utilities/4DGL-uLCD-SE/uLCD_4DGL_Graphics.o
    0x000155ee   0x0000001c   Code   RO         4763    .text._ZN9uLCD_4DGL9writeBYTEEc  BUILD/LPC1768/ARMC6/utilities/4DGL-uLCD-SE/uLCD_4DGL_main.o
    0x0001560a   0x00000002   PAD
    0x0001560c   0x00000080   Code   RO         4757    .text._ZN9uLCD_4DGLC2E7PinNameS0_S0_  BUILD/LPC1768/ARMC6/utilities/4DGL-uLCD-SE/uLCD_4DGL_main.o
    0x0001568c   0x0000000e   Code   RO         4808    .text._ZN9uLCD_4DGLD0Ev  BUILD/LPC1768/ARMC6/utilities/4DGL-uLCD-SE/uLCD_4DGL_main.o
    0x0001569a   0x00000002   PAD
    0x0001569c   0x00000028   Code   RO         4806    .text._ZN9uLCD_4DGLD2Ev  BUILD/LPC1768/ARMC6/utilities/4DGL-uLCD-SE/uLCD_4DGL_main.o
    0x000156c4   0x00000034   Code   RO         2734    .text._ZNK12DirectSerial4pollEs  BUILD/LPC1768/ARMC6/mbed-os/platform/source/mbed_retarget.o
    0x000156f8   0x00000014   Code   RO          763    .text._ZNK12SingletonPtrIN4rtos5MutexEE3getEv  BUILD/LPC1768/ARMC6/mbed-os/drivers/source/AnalogIn.o
    0x0001570c   0x00000008   Code   RO         3220    .text._ZNK13SDBlockDevice13get_read_sizeEv  BUILD/LPC1768/ARMC6/mbed-os/storage/blockdevice/COMPONENT_SD/source/SDBlockDevice.o
    0x00015714   0x00000008   Code   RO         3222    .text._ZNK13SDBlockDevice16get_program_sizeEv  BUILD/LPC1768/ARMC6/mbed-os/storage/blockdevice/COMPONENT_SD/source/SDBlockDevice.o
    0x0001571c   0x0000000e   Code   RO         3224    .text._ZNK13SDBlockDevice4sizeEv  BUILD/LPC1768/ARMC6/mbed-os/storage/blockdevice/COMPONENT_SD/source/SDBlockDevice.o
    0x0001572a   0x00000002   PAD
    0x0001572c   0x00000008   Code   RO         3226    .text._ZNK13SDBlockDevice8get_typeEv  BUILD/LPC1768/ARMC6/mbed-os/storage/blockdevice/COMPONENT_SD/source/SDBlockDevice.o
    0x00015734   0x00000004   Code   RO         1584    .text._ZNK4mbed10FileHandle11is_blockingEv  BUILD/LPC1768/ARMC6/mbed-os/drivers/source/UnbufferedSerial.o
    0x00015738   0x00000004   Code   RO         2029    .text._ZNK4mbed10FileHandle4pollEs  BUILD/LPC1768/ARMC6/mbed-os/platform/source/FileHandle.o
    0x0001573c   0x00000010   Code   RO         4804    .text._ZNK4mbed10FileHandle8readableEv  BUILD/LPC1768/ARMC6/utilities/4DGL-uLCD-SE/uLCD_4DGL_main.o
    0x0001574c   0x0000006a   Code   RO         3277    .text._ZNK4mbed11BlockDevice13is_valid_readEyy  BUILD/LPC1768/ARMC6/mbed-os/storage/blockdevice/COMPONENT_SD/source/SDBlockDevice.o
    0x000157b6   0x00000006   Code   RO         3271    .text._ZNK4mbed11BlockDevice14get_erase_sizeEv  BUILD/LPC1768/ARMC6/mbed-os/storage/blockdevice/COMPONENT_SD/source/SDBlockDevice.o
    0x000157bc   0x00000006   Code   RO         3273    .text._ZNK4mbed11BlockDevice14get_erase_sizeEy  BUILD/LPC1768/ARMC6/mbed-os/storage/blockdevice/COMPONENT_SD/source/SDBlockDevice.o
    0x000157c2   0x00000068   Code   RO         3281    .text._ZNK4mbed11BlockDevice14is_valid_eraseEyy  BUILD/LPC1768/ARMC6/mbed-os/storage/blockdevice/COMPONENT_SD/source/SDBlockDevice.o
    0x0001582a   0x00000006   Code   RO         3275    .text._ZNK4mbed11BlockDevice15get_erase_valueEv  BUILD/LPC1768/ARMC6/mbed-os/storage/blockdevice/COMPONENT_SD/source/SDBlockDevice.o
    0x00015830   0x0000006a   Code   RO         3279    .text._ZNK4mbed11BlockDevice16is_valid_programEyy  BUILD/LPC1768/ARMC6/mbed-os/storage/blockdevice/COMPONENT_SD/source/SDBlockDevice.o
    0x0001589a   0x00000006   Code   RO          875    .text._ZNK4mbed14BufferedSerial11is_blockingEv  BUILD/LPC1768/ARMC6/mbed-os/drivers/source/BufferedSerial.o
    0x000158a0   0x00000018   Code   RO          843    .text._ZNK4mbed14BufferedSerial3hupEv  BUILD/LPC1768/ARMC6/mbed-os/drivers/source/BufferedSerial.o
    0x000158b8   0x0000002a   Code   RO          825    .text._ZNK4mbed14BufferedSerial4pollEs  BUILD/LPC1768/ARMC6/mbed-os/drivers/source/BufferedSerial.o
    0x000158e2   0x00000024   Code   RO          867    .text._ZNK4mbed14CircularBufferIcLj256EjE5emptyEv  BUILD/LPC1768/ARMC6/mbed-os/drivers/source/BufferedSerial.o
    0x00015906   0x00000010   Code   RO         2268    .text._ZNK4mbed15TickerDataClock3nowEv  BUILD/LPC1768/ARMC6/mbed-os/platform/source/SysTimer.o
    0x00015916   0x00000002   PAD
    0x00015918   0x00000024   Code   RO         2690    .text._ZNK4mbed8internal18timed_predicate_op14wake_conditionEv  BUILD/LPC1768/ARMC6/mbed-os/platform/source/mbed_os_timer.o
    0x0001593c   0x0000003a   Code   RO         2304    .text._ZNK4mbed8internal8SysTimerINSt3__25ratioILx1ELx1000EEELb1EE14_elapsed_ticksEv  BUILD/LPC1768/ARMC6/mbed-os/platform/source/SysTimer.o
    0x00015976   0x00000026   Code   RO         1483    .text._ZNK4mbed9TimerBase12elapsed_timeEv  BUILD/LPC1768/ARMC6/mbed-os/drivers/source/Timer.o
    0x0001599c   0x00000030   Code   RO         1479    .text._ZNK4mbed9TimerBase9slicetimeEv  BUILD/LPC1768/ARMC6/mbed-os/drivers/source/Timer.o
    0x000159cc   0x0000000c   Code   RO          855    .text._ZThn104_N4mbed14BufferedSerial12enable_inputEb  BUILD/LPC1768/ARMC6/mbed-os/drivers/source/BufferedSerial.o
    0x000159d8   0x00000008   Code   RO          883    .text._ZThn104_N4mbed14BufferedSerial12set_blockingEb  BUILD/LPC1768/ARMC6/mbed-os/drivers/source/BufferedSerial.o
    0x000159e0   0x0000000c   Code   RO          859    .text._ZThn104_N4mbed14BufferedSerial13enable_outputEb  BUILD/LPC1768/ARMC6/mbed-os/drivers/source/BufferedSerial.o
    0x000159ec   0x00000006   Code   RO          841    .text._ZThn104_N4mbed14BufferedSerial4readEPvj  BUILD/LPC1768/ARMC6/mbed-os/drivers/source/BufferedSerial.o
    0x000159f2   0x00000002   PAD
    0x000159f4   0x00000008   Code   RO          817    .text._ZThn104_N4mbed14BufferedSerial4seekEli  BUILD/LPC1768/ARMC6/mbed-os/drivers/source/BufferedSerial.o
    0x000159fc   0x0000000c   Code   RO          821    .text._ZThn104_N4mbed14BufferedSerial4syncEv  BUILD/LPC1768/ARMC6/mbed-os/drivers/source/BufferedSerial.o
    0x00015a08   0x00000004   Code   RO          809    .text._ZThn104_N4mbed14BufferedSerial5closeEv  BUILD/LPC1768/ARMC6/mbed-os/drivers/source/BufferedSerial.o
    0x00015a0c   0x0000000e   Code   RO          827    .text._ZThn104_N4mbed14BufferedSerial5sigioENS_8CallbackIFvvEEE  BUILD/LPC1768/ARMC6/mbed-os/drivers/source/BufferedSerial.o
    0x00015a1a   0x00000006   Code   RO          837    .text._ZThn104_N4mbed14BufferedSerial5writeEPKvj  BUILD/LPC1768/ARMC6/mbed-os/drivers/source/BufferedSerial.o
    0x00015a20   0x00000004   Code   RO          813    .text._ZThn104_N4mbed14BufferedSerial6isattyEv  BUILD/LPC1768/ARMC6/mbed-os/drivers/source/BufferedSerial.o
    0x00015a24   0x00000006   Code   RO          789    .text._ZThn104_N4mbed14BufferedSerialD0Ev  BUILD/LPC1768/ARMC6/mbed-os/drivers/source/BufferedSerial.o
    0x00015a2a   0x00000006   Code   RO          785    .text._ZThn104_N4mbed14BufferedSerialD1Ev  BUILD/LPC1768/ARMC6/mbed-os/drivers/source/BufferedSerial.o
    0x00015a30   0x00000006   Code   RO          885    .text._ZThn104_NK4mbed14BufferedSerial11is_blockingEv  BUILD/LPC1768/ARMC6/mbed-os/drivers/source/BufferedSerial.o
    0x00015a36   0x00000008   Code   RO          845    .text._ZThn104_NK4mbed14BufferedSerial4pollEs  BUILD/LPC1768/ARMC6/mbed-os/drivers/source/BufferedSerial.o
    0x00015a3e   0x00000002   Code   RO         4116    .text._ZThn4_N4mbed10FileSystemD0Ev  BUILD/LPC1768/ARMC6/mbed-os/storage/filesystem/source/FileSystem.o
    0x00015a40   0x00000004   Code   RO         4114    .text._ZThn4_N4mbed10FileSystemD1Ev  BUILD/LPC1768/ARMC6/mbed-os/storage/filesystem/source/FileSystem.o
    0x00015a44   0x00000006   Code   RO         3908    .text._ZThn4_N4mbed13FATFileSystemD0Ev  BUILD/LPC1768/ARMC6/mbed-os/storage/filesystem/fat/source/FATFileSystem.o
    0x00015a4a   0x00000006   Code   RO         3904    .text._ZThn4_N4mbed13FATFileSystemD1Ev  BUILD/LPC1768/ARMC6/mbed-os/storage/filesystem/fat/source/FATFileSystem.o
    0x00015a50   0x00000002   Code   RO         4122    .text._ZThn4_N4mbed14FileSystemLikeD0Ev  BUILD/LPC1768/ARMC6/mbed-os/storage/filesystem/source/FileSystem.o
    0x00015a52   0x00000004   Code   RO         4120    .text._ZThn4_N4mbed14FileSystemLikeD1Ev  BUILD/LPC1768/ARMC6/mbed-os/storage/filesystem/source/FileSystem.o
    0x00015a56   0x00000002   Code   RO         2151    .text._ZThn4_N4mbed6StreamD0Ev  BUILD/LPC1768/ARMC6/mbed-os/platform/source/Stream.o
    0x00015a58   0x00000006   Code   RO         2147    .text._ZThn4_N4mbed6StreamD1Ev  BUILD/LPC1768/ARMC6/mbed-os/platform/source/Stream.o
    0x00015a5e   0x00000002   Code   RO         2213    .text._ZThn4_N4mbed8FileLikeD0Ev  BUILD/LPC1768/ARMC6/mbed-os/platform/source/Stream.o
    0x00015a60   0x00000004   Code   RO         2211    .text._ZThn4_N4mbed8FileLikeD1Ev  BUILD/LPC1768/ARMC6/mbed-os/platform/source/Stream.o
    0x00015a64   0x00000006   Code   RO         4816    .text._ZThn4_N9uLCD_4DGLD0Ev  BUILD/LPC1768/ARMC6/utilities/4DGL-uLCD-SE/uLCD_4DGL_main.o
    0x00015a6a   0x00000006   Code   RO         4814    .text._ZThn4_N9uLCD_4DGLD1Ev  BUILD/LPC1768/ARMC6/utilities/4DGL-uLCD-SE/uLCD_4DGL_main.o
    0x00015a70   0x00000008   Code   RO          889    .text._ZZN4mbed8CallbackIFvvEEC1IPNS_14BufferedSerialEMS4_FvvELi0EEET_T0_ENKUlvE_clEv  BUILD/LPC1768/ARMC6/mbed-os/drivers/source/BufferedSerial.o
    0x00015a78   0x00000004   Code   RO         2878    .text._ZdaPv        BUILD/LPC1768/ARMC6/mbed-os/platform/source/mbed_retarget.o
    0x00015a7c   0x00000004   Code   RO         2822    .text._ZdlPv        BUILD/LPC1768/ARMC6/mbed-os/platform/source/mbed_retarget.o
    0x00015a80   0x0000001c   Code   RO         2872    .text._Znaj         BUILD/LPC1768/ARMC6/mbed-os/platform/source/mbed_retarget.o
    0x00015a9c   0x00000020   Code   RO         2870    .text._Znwj         BUILD/LPC1768/ARMC6/mbed-os/platform/source/mbed_retarget.o
    0x00015abc   0x00000022   Code   RO         2864    .text.__cxa_guard_acquire  BUILD/LPC1768/ARMC6/mbed-os/platform/source/mbed_retarget.o
    0x00015ade   0x00000002   PAD
    0x00015ae0   0x00000028   Code   RO         5702    .text.__cxa_pure_virtual  /Library/Application Support/Mbed Studio/mbed-studio-tools/ac6/bin/../lib/libcxx/libcppabi_w.l(cxa_virtual.cpp.o)
    0x00015b08   0x00000004   Code   RO         2800    .text.__user_setup_stackheap  BUILD/LPC1768/ARMC6/mbed-os/platform/source/mbed_retarget.o
    0x00015b0c   0x00000026   Code   RO         1698    .text._gpio_init_in  BUILD/LPC1768/ARMC6/mbed-os/hal/source/mbed_gpio.o
    0x00015b32   0x00000036   Code   RO         1704    .text._gpio_init_out  BUILD/LPC1768/ARMC6/mbed-os/hal/source/mbed_gpio.o
    0x00015b68   0x0000002c   Code   RO         2796    .text._mbed_user_setup_stackheap  BUILD/LPC1768/ARMC6/mbed-os/platform/source/mbed_retarget.o
    0x00015b94   0x00000004   Code   RO         2965    .text._platform_post_stackheap_init  BUILD/LPC1768/ARMC6/mbed-os/platform/source/mbed_sdk_boot.o
    0x00015b98   0x00000108   Code   RO         2653    .text._rtc_localtime  BUILD/LPC1768/ARMC6/mbed-os/platform/source/mbed_mktime.o
    0x00015ca0   0x000000c8   Code   RO         2651    .text._rtc_maketime  BUILD/LPC1768/ARMC6/mbed-os/platform/source/mbed_mktime.o
    0x00015d68   0x00000004   Code   RO         2764    .text._sys_close    BUILD/LPC1768/ARMC6/mbed-os/platform/source/mbed_retarget.o
    0x00015d6c   0x00000002   Code   RO         2774    .text._sys_exit     BUILD/LPC1768/ARMC6/mbed-os/platform/source/mbed_retarget.o
    0x00015d6e   0x00000026   Code   RO         2794    .text._sys_flen     BUILD/LPC1768/ARMC6/mbed-os/platform/source/mbed_retarget.o
    0x00015d94   0x00000004   Code   RO         2782    .text._sys_istty    BUILD/LPC1768/ARMC6/mbed-os/platform/source/mbed_retarget.o
    0x00015d98   0x00000084   Code   RO         2758    .text._sys_open     BUILD/LPC1768/ARMC6/mbed-os/platform/source/mbed_retarget.o
    0x00015e1c   0x00000090   Code   RO         2778    .text._sys_read     BUILD/LPC1768/ARMC6/mbed-os/platform/source/mbed_retarget.o
    0x00015eac   0x00000006   Code   RO         2784    .text._sys_seek     BUILD/LPC1768/ARMC6/mbed-os/platform/source/mbed_retarget.o
    0x00015eb2   0x00000002   PAD
    0x00015eb4   0x000000c0   Code   RO         2768    .text._sys_write    BUILD/LPC1768/ARMC6/mbed-os/platform/source/mbed_retarget.o
    0x00015f74   0x00000014   Code   RO         2776    .text._ttywrch      BUILD/LPC1768/ARMC6/mbed-os/platform/source/mbed_retarget.o
    0x00015f88   0x00000004   Code   RO         5962    .text.abort_message  /Library/Application Support/Mbed Studio/mbed-studio-tools/ac6/bin/../lib/libcxx/libcppabi_w.l(abort_message.cpp.o)
    0x00015f8c   0x00000034   Code   RO         4151    .text.analogout_init  BUILD/LPC1768/ARMC6/mbed-os/targets/TARGET_NXP/TARGET_LPC176X/analogout_api.o
    0x00015fc0   0x00000010   Code   RO         4153    .text.analogout_write_u16  BUILD/LPC1768/ARMC6/mbed-os/targets/TARGET_NXP/TARGET_LPC176X/analogout_api.o
    0x00015fd0   0x00000038   Code   RO         2766    .text.close         BUILD/LPC1768/ARMC6/mbed-os/platform/source/mbed_retarget.o
    0x00016008   0x00000028   Code   RO         2826    .text.closedir      BUILD/LPC1768/ARMC6/mbed-os/platform/source/mbed_retarget.o
    0x00016030   0x0000000c   Code   RO         2547    .text.core_util_are_interrupts_enabled  BUILD/LPC1768/ARMC6/mbed-os/platform/source/mbed_critical.o
    0x0001603c   0x00000012   Code   RO         2450    .text.core_util_atomic_decr_u16  BUILD/LPC1768/ARMC6/mbed-os/platform/source/mbed_atomic_impl.o
    0x0001604e   0x00000010   Code   RO         2436    .text.core_util_atomic_exchange_u8  BUILD/LPC1768/ARMC6/mbed-os/platform/source/mbed_atomic_impl.o
    0x0001605e   0x00000014   Code   RO         2434    .text.core_util_atomic_flag_test_and_set  BUILD/LPC1768/ARMC6/mbed-os/platform/source/mbed_atomic_impl.o
    0x00016072   0x00000012   Code   RO         2444    .text.core_util_atomic_incr_u16  BUILD/LPC1768/ARMC6/mbed-os/platform/source/mbed_atomic_impl.o
    0x00016084   0x00000014   Code   RO         2496    .text.core_util_atomic_load_u64  BUILD/LPC1768/ARMC6/mbed-os/platform/source/mbed_atomic_impl.o
    0x00016098   0x00000010   Code   RO         2553    .text.core_util_critical_section_enter  BUILD/LPC1768/ARMC6/mbed-os/platform/source/mbed_critical.o
    0x000160a8   0x00000018   Code   RO         2555    .text.core_util_critical_section_exit  BUILD/LPC1768/ARMC6/mbed-os/platform/source/mbed_critical.o
    0x000160c0   0x00000004   Code   RO         2551    .text.core_util_in_critical_section  BUILD/LPC1768/ARMC6/mbed-os/platform/source/mbed_critical.o
    0x000160c4   0x0000000c   Code   RO         2549    .text.core_util_is_isr_active  BUILD/LPC1768/ARMC6/mbed-os/platform/source/mbed_critical.o
    0x000160d0   0x00000014   Code   RO         3890    .text.disk_initialize  BUILD/LPC1768/ARMC6/mbed-os/storage/filesystem/fat/source/FATFileSystem.o
    0x000160e4   0x000000ac   Code   RO         3898    .text.disk_ioctl    BUILD/LPC1768/ARMC6/mbed-os/storage/filesystem/fat/source/FATFileSystem.o
    0x00016190   0x00000034   Code   RO         3892    .text.disk_read     BUILD/LPC1768/ARMC6/mbed-os/storage/filesystem/fat/source/FATFileSystem.o
    0x000161c4   0x0000005c   Code   RO         3896    .text.disk_write    BUILD/LPC1768/ARMC6/mbed-os/storage/filesystem/fat/source/FATFileSystem.o
    0x00016220   0x00000024   Code   RO         2560    .text.error         BUILD/LPC1768/ARMC6/mbed-os/platform/source/mbed_error.o
    0x00016244   0x0000001c   Code   RO         1789    .text.exact_log2    BUILD/LPC1768/ARMC6/mbed-os/hal/source/mbed_ticker_api.o
    0x00016260   0x00000034   Code   RO         2840    .text.exit          BUILD/LPC1768/ARMC6/mbed-os/platform/source/mbed_retarget.o
    0x00016294   0x0000001e   Code   RO         3791    .text.f_close       BUILD/LPC1768/ARMC6/mbed-os/storage/filesystem/fat/ChaN/ff.o
    0x000162b2   0x00000012   Code   RO         3803    .text.f_closedir    BUILD/LPC1768/ARMC6/mbed-os/storage/filesystem/fat/ChaN/ff.o
    0x000162c4   0x000000ca   Code   RO         3815    .text.f_getfree     BUILD/LPC1768/ARMC6/mbed-os/storage/filesystem/fat/ChaN/ff.o
    0x0001638e   0x0000010e   Code   RO         3797    .text.f_lseek       BUILD/LPC1768/ARMC6/mbed-os/storage/filesystem/fat/ChaN/ff.o
    0x0001649c   0x00000122   Code   RO         3823    .text.f_mkdir       BUILD/LPC1768/ARMC6/mbed-os/storage/filesystem/fat/ChaN/ff.o
    0x000165be   0x00000002   PAD
    0x000165c0   0x000007e4   Code   RO         3829    .text.f_mkfs        BUILD/LPC1768/ARMC6/mbed-os/storage/filesystem/fat/ChaN/ff.o
    0x00016da4   0x00000050   Code   RO         3749    .text.f_mount       BUILD/LPC1768/ARMC6/mbed-os/storage/filesystem/fat/ChaN/ff.o
    0x00016df4   0x000001fa   Code   RO         3755    .text.f_open        BUILD/LPC1768/ARMC6/mbed-os/storage/filesystem/fat/ChaN/ff.o
    0x00016fee   0x00000088   Code   RO         3799    .text.f_opendir     BUILD/LPC1768/ARMC6/mbed-os/storage/filesystem/fat/ChaN/ff.o
    0x00017076   0x0000013e   Code   RO         3777    .text.f_read        BUILD/LPC1768/ARMC6/mbed-os/storage/filesystem/fat/ChaN/ff.o
    0x000171b4   0x0000005a   Code   RO         3805    .text.f_readdir     BUILD/LPC1768/ARMC6/mbed-os/storage/filesystem/fat/ChaN/ff.o
    0x0001720e   0x00000132   Code   RO         3827    .text.f_rename      BUILD/LPC1768/ARMC6/mbed-os/storage/filesystem/fat/ChaN/ff.o
    0x00017340   0x00000058   Code   RO         3813    .text.f_stat        BUILD/LPC1768/ARMC6/mbed-os/storage/filesystem/fat/ChaN/ff.o
    0x00017398   0x00000068   Code   RO         3787    .text.f_sync        BUILD/LPC1768/ARMC6/mbed-os/storage/filesystem/fat/ChaN/ff.o
    0x00017400   0x00000076   Code   RO         3817    .text.f_truncate    BUILD/LPC1768/ARMC6/mbed-os/storage/filesystem/fat/ChaN/ff.o
    0x00017476   0x000000d8   Code   RO         3819    .text.f_unlink      BUILD/LPC1768/ARMC6/mbed-os/storage/filesystem/fat/ChaN/ff.o
    0x0001754e   0x0000018e   Code   RO         3781    .text.f_write       BUILD/LPC1768/ARMC6/mbed-os/storage/filesystem/fat/ChaN/ff.o
    0x000176dc   0x0000002a   Code   RO         2750    .text.fdopen        BUILD/LPC1768/ARMC6/mbed-os/platform/source/mbed_retarget.o
    0x00017706   0x00000004   Code   RO         3884    .text.ff_memalloc   BUILD/LPC1768/ARMC6/mbed-os/storage/filesystem/fat/source/FATFileSystem.o
    0x0001770a   0x00000004   Code   RO         3886    .text.ff_memfree    BUILD/LPC1768/ARMC6/mbed-os/storage/filesystem/fat/source/FATFileSystem.o
    0x0001770e   0x00000002   PAD
    0x00017710   0x00000024   Code   RO         3874    .text.ff_oem2uni    BUILD/LPC1768/ARMC6/mbed-os/storage/filesystem/fat/ChaN/ffunicode.o
    0x00017734   0x00000040   Code   RO         3872    .text.ff_uni2oem    BUILD/LPC1768/ARMC6/mbed-os/storage/filesystem/fat/ChaN/ffunicode.o
    0x00017774   0x00000084   Code   RO         3876    .text.ff_wtoupper   BUILD/LPC1768/ARMC6/mbed-os/storage/filesystem/fat/ChaN/ffunicode.o
    0x000177f8   0x00000028   Code   RO         2792    .text.fsync         BUILD/LPC1768/ARMC6/mbed-os/platform/source/mbed_retarget.o
    0x00017820   0x0000003a   Code   RO         3882    .text.get_fattime   BUILD/LPC1768/ARMC6/mbed-os/storage/filesystem/fat/source/FATFileSystem.o
    0x0001785a   0x00000002   PAD
    0x0001785c   0x00000008   Code   RO         1799    .text.get_us_ticker_data  BUILD/LPC1768/ARMC6/mbed-os/hal/source/mbed_us_ticker_api.o
    0x00017864   0x00000040   Code   RO         2939    .text.gettimeofday  BUILD/LPC1768/ARMC6/mbed-os/platform/source/mbed_rtc_time.o
    0x000178a4   0x0000001e   Code   RO         4259    .text.gpio_dir      BUILD/LPC1768/ARMC6/mbed-os/targets/TARGET_NXP/TARGET_LPC176X/gpio_api.o
    0x000178c2   0x0000002c   Code   RO         4255    .text.gpio_init     BUILD/LPC1768/ARMC6/mbed-os/targets/TARGET_NXP/TARGET_LPC176X/gpio_api.o
    0x000178ee   0x00000006   Code   RO         1694    .text.gpio_init_in  BUILD/LPC1768/ARMC6/mbed-os/hal/source/mbed_gpio.o
    0x000178f4   0x00000006   Code   RO         1700    .text.gpio_init_out  BUILD/LPC1768/ARMC6/mbed-os/hal/source/mbed_gpio.o
    0x000178fa   0x00000008   Code   RO         1702    .text.gpio_init_out_ex  BUILD/LPC1768/ARMC6/mbed-os/hal/source/mbed_gpio.o
    0x00017902   0x00000006   Code   RO         4257    .text.gpio_mode     BUILD/LPC1768/ARMC6/mbed-os/targets/TARGET_NXP/TARGET_LPC176X/gpio_api.o
    0x00017908   0x00000016   Code   RO         4253    .text.gpio_set      BUILD/LPC1768/ARMC6/mbed-os/targets/TARGET_NXP/TARGET_LPC176X/gpio_api.o
    0x0001791e   0x00000002   PAD
    0x00017920   0x00000018   Code   RO         1681    .text.hal_critical_section_enter  BUILD/LPC1768/ARMC6/mbed-os/hal/source/mbed_critical_section_api.o
    0x00017938   0x00000010   Code   RO         1683    .text.hal_critical_section_exit  BUILD/LPC1768/ARMC6/mbed-os/hal/source/mbed_critical_section_api.o
    0x00017948   0x0000000e   Code   RO         4464    .text.hal_deepsleep  BUILD/LPC1768/ARMC6/mbed-os/targets/TARGET_NXP/TARGET_LPC176X/sleep.o
    0x00017956   0x00000002   PAD
    0x00017958   0x0000000c   Code   RO         1685    .text.hal_in_critical_section  BUILD/LPC1768/ARMC6/mbed-os/hal/source/mbed_critical_section_api.o
    0x00017964   0x00000024   Code   RO         4462    .text.hal_sleep     BUILD/LPC1768/ARMC6/mbed-os/targets/TARGET_NXP/TARGET_LPC176X/sleep.o
    0x00017988   0x00000080   Code   RO         2562    .text.handle_error  BUILD/LPC1768/ARMC6/mbed-os/platform/source/mbed_error.o
    0x00017a08   0x000000e0   Code   RO         1761    .text.initialize    BUILD/LPC1768/ARMC6/mbed-os/hal/source/mbed_ticker_api.o
    0x00017ae8   0x00000050   Code   RO         1771    .text.insert_event  BUILD/LPC1768/ARMC6/mbed-os/hal/source/mbed_ticker_api.o
    0x00017b38   0x00000028   Code   RO         2752    .text.isatty        BUILD/LPC1768/ARMC6/mbed-os/platform/source/mbed_retarget.o
    0x00017b60   0x0000002a   Code   RO         2786    .text.lseek         BUILD/LPC1768/ARMC6/mbed-os/platform/source/mbed_retarget.o
    0x00017b8a   0x00000002   PAD
    0x00017b8c   0x00000210   Code   RO          728    .text.main          BUILD/LPC1768/ARMC6/main.o
    0x00017d9c   0x00000028   Code   RO         2957    .text.mbed_copy_nvic  BUILD/LPC1768/ARMC6/mbed-os/platform/source/mbed_sdk_boot.o
    0x00017dc4   0x00000006   Code   RO         2536    .text.mbed_die      BUILD/LPC1768/ARMC6/mbed-os/platform/source/mbed_board.o
    0x00017dca   0x00000002   PAD
    0x00017dcc   0x00000020   Code   RO         2582    .text.mbed_error    BUILD/LPC1768/ARMC6/mbed-os/platform/source/mbed_error.o
    0x00017dec   0x00000018   Code   RO         2538    .text.mbed_error_printf  BUILD/LPC1768/ARMC6/mbed-os/platform/source/mbed_board.o
    0x00017e04   0x0000004c   Code   RO         2542    .text.mbed_error_puts  BUILD/LPC1768/ARMC6/mbed-os/platform/source/mbed_board.o
    0x00017e50   0x00000034   Code   RO         2540    .text.mbed_error_vprintf  BUILD/LPC1768/ARMC6/mbed-os/platform/source/mbed_board.o
    0x00017e84   0x000000f4   Code   RO         2412    .text.mbed_fault_handler  BUILD/LPC1768/ARMC6/mbed-os/platform/source/TARGET_CORTEX_M/mbed_fault_handler.o
    0x00017f78   0x00000030   Code   RO         2564    .text.mbed_halt_system  BUILD/LPC1768/ARMC6/mbed-os/platform/source/mbed_error.o
    0x00017fa8   0x0000000e   Code   RO         2959    .text.mbed_init     BUILD/LPC1768/ARMC6/mbed-os/platform/source/mbed_sdk_boot.o
    0x00017fb6   0x00000004   Code   RO         2606    .text.mbed_interface_connected  BUILD/LPC1768/ARMC6/mbed-os/platform/source/mbed_interface.o
    0x00017fba   0x00000022   Code   RO         2612    .text.mbed_interface_disconnect  BUILD/LPC1768/ARMC6/mbed-os/platform/source/mbed_interface.o
    0x00017fdc   0x00000002   Code   RO         2953    .text.mbed_sdk_init  BUILD/LPC1768/ARMC6/mbed-os/platform/source/mbed_sdk_boot.o
    0x00017fde   0x00000002   PAD
    0x00017fe0   0x0000000c   Code   RO         1807    .text.note_us_ticker_free  BUILD/LPC1768/ARMC6/mbed-os/hal/source/mbed_us_ticker_api.o
    0x00017fec   0x00000014   Code   RO         1805    .text.note_us_ticker_init  BUILD/LPC1768/ARMC6/mbed-os/hal/source/mbed_us_ticker_api.o
    0x00018000   0x00000084   Code   RO         2760    .text.open          BUILD/LPC1768/ARMC6/mbed-os/platform/source/mbed_retarget.o
    0x00018084   0x00000056   Code   RO         2818    .text.opendir       BUILD/LPC1768/ARMC6/mbed-os/platform/source/mbed_retarget.o
    0x000180da   0x00000002   PAD
    0x000180dc   0x00000030   Code   RO         4328    .text.pin_function  BUILD/LPC1768/ARMC6/mbed-os/targets/TARGET_NXP/TARGET_LPC176X/pinmap.o
    0x0001810c   0x00000058   Code   RO         4330    .text.pin_mode      BUILD/LPC1768/ARMC6/mbed-os/targets/TARGET_NXP/TARGET_LPC176X/pinmap.o
    0x00018164   0x0000001c   Code   RO         1726    .text.pinmap_find_peripheral  BUILD/LPC1768/ARMC6/mbed-os/hal/source/mbed_pinmap_common.o
    0x00018180   0x00000024   Code   RO         1724    .text.pinmap_merge  BUILD/LPC1768/ARMC6/mbed-os/hal/source/mbed_pinmap_common.o
    0x000181a4   0x00000024   Code   RO         1728    .text.pinmap_peripheral  BUILD/LPC1768/ARMC6/mbed-os/hal/source/mbed_pinmap_common.o
    0x000181c8   0x00000040   Code   RO         1722    .text.pinmap_pinout  BUILD/LPC1768/ARMC6/mbed-os/hal/source/mbed_pinmap_common.o
    0x00018208   0x0000015c   Code   RO         2414    .text.print_context_info  BUILD/LPC1768/ARMC6/mbed-os/platform/source/TARGET_CORTEX_M/mbed_fault_handler.o
    0x00018364   0x0000002a   Code   RO         2780    .text.read          BUILD/LPC1768/ARMC6/mbed-os/platform/source/mbed_retarget.o
    0x0001838e   0x00000026   Code   RO         2824    .text.readdir       BUILD/LPC1768/ARMC6/mbed-os/platform/source/mbed_retarget.o
    0x000183b4   0x00000040   Code   RO         2808    .text.remove        BUILD/LPC1768/ARMC6/mbed-os/platform/source/mbed_retarget.o
    0x000183f4   0x00000020   Code   RO         4387    .text.rtc_init      BUILD/LPC1768/ARMC6/mbed-os/targets/TARGET_NXP/TARGET_LPC176X/rtc_api.o
    0x00018414   0x0000000c   Code   RO         4391    .text.rtc_isenabled  BUILD/LPC1768/ARMC6/mbed-os/targets/TARGET_NXP/TARGET_LPC176X/rtc_api.o
    0x00018420   0x00000040   Code   RO         4393    .text.rtc_read      BUILD/LPC1768/ARMC6/mbed-os/targets/TARGET_NXP/TARGET_LPC176X/rtc_api.o
    0x00018460   0x0000004c   Code   RO         4395    .text.rtc_write     BUILD/LPC1768/ARMC6/mbed-os/targets/TARGET_NXP/TARGET_LPC176X/rtc_api.o
    0x000184ac   0x000000ca   Code   RO         1767    .text.schedule_interrupt  BUILD/LPC1768/ARMC6/mbed-os/hal/source/mbed_ticker_api.o
    0x00018576   0x00000002   PAD
    0x00018578   0x00000010   Code   RO         3003    .text.semihost_connected  BUILD/LPC1768/ARMC6/mbed-os/platform/source/mbed_semihost_api.o
    0x00018588   0x0000000e   Code   RO         3005    .text.semihost_disabledebug  BUILD/LPC1768/ARMC6/mbed-os/platform/source/mbed_semihost_api.o
    0x00018596   0x0000000c   Code   RO         2993    .text.semihost_exit  BUILD/LPC1768/ARMC6/mbed-os/platform/source/mbed_semihost_api.o
    0x000185a2   0x00000002   PAD
    0x000185a4   0x00000190   Code   RO         4401    .text.serial_baud   BUILD/LPC1768/ARMC6/mbed-os/targets/TARGET_NXP/TARGET_LPC176X/serial_api.o
    0x00018734   0x00000018   Code   RO         4441    .text.serial_flow_irq_set  BUILD/LPC1768/ARMC6/mbed-os/targets/TARGET_NXP/TARGET_LPC176X/serial_api.o
    0x0001874c   0x00000010   Code   RO         4407    .text.serial_free   BUILD/LPC1768/ARMC6/mbed-os/targets/TARGET_NXP/TARGET_LPC176X/serial_api.o
    0x0001875c   0x00000030   Code   RO         4425    .text.serial_getc   BUILD/LPC1768/ARMC6/mbed-os/targets/TARGET_NXP/TARGET_LPC176X/serial_api.o
    0x0001878c   0x00000120   Code   RO         4399    .text.serial_init   BUILD/LPC1768/ARMC6/mbed-os/targets/TARGET_NXP/TARGET_LPC176X/serial_api.o
    0x000188ac   0x0000000a   Code   RO         1839    .text.serial_init_direct  BUILD/LPC1768/ARMC6/mbed-os/hal/source/static_pinmap.o
    0x000188b6   0x00000002   PAD
    0x000188b8   0x00000018   Code   RO         4419    .text.serial_irq_handler  BUILD/LPC1768/ARMC6/mbed-os/targets/TARGET_NXP/TARGET_LPC176X/serial_api.o
    0x000188d0   0x00000020   Code   RO         4421    .text.serial_irq_set  BUILD/LPC1768/ARMC6/mbed-os/targets/TARGET_NXP/TARGET_LPC176X/serial_api.o
    0x000188f0   0x000000cc   Code   RO         4423    .text.serial_irq_set_internal  BUILD/LPC1768/ARMC6/mbed-os/targets/TARGET_NXP/TARGET_LPC176X/serial_api.o
    0x000189bc   0x0000002c   Code   RO         4429    .text.serial_putc   BUILD/LPC1768/ARMC6/mbed-os/targets/TARGET_NXP/TARGET_LPC176X/serial_api.o
    0x000189e8   0x0000000a   Code   RO         4427    .text.serial_readable  BUILD/LPC1768/ARMC6/mbed-os/targets/TARGET_NXP/TARGET_LPC176X/serial_api.o
    0x000189f2   0x00000002   PAD
    0x000189f4   0x000000e0   Code   RO         4405    .text.serial_set_flow_control  BUILD/LPC1768/ARMC6/mbed-os/targets/TARGET_NXP/TARGET_LPC176X/serial_api.o
    0x00018ad4   0x0000004c   Code   RO         4431    .text.serial_writable  BUILD/LPC1768/ARMC6/mbed-os/targets/TARGET_NXP/TARGET_LPC176X/serial_api.o
    0x00018b20   0x00000010   Code   RO         2941    .text.set_time      BUILD/LPC1768/ARMC6/mbed-os/platform/source/mbed_rtc_time.o
    0x00018b30   0x0000002c   Code   RO         2937    .text.settimeofday  BUILD/LPC1768/ARMC6/mbed-os/platform/source/mbed_rtc_time.o
    0x00018b5c   0x00000024   Code   RO         2709    .text.sleep_manager_lock_deep_sleep_internal  BUILD/LPC1768/ARMC6/mbed-os/platform/source/mbed_power_mgmt.o
    0x00018b80   0x00000020   Code   RO         2717    .text.sleep_manager_sleep_auto  BUILD/LPC1768/ARMC6/mbed-os/platform/source/mbed_power_mgmt.o
    0x00018ba0   0x00000030   Code   RO         2711    .text.sleep_manager_unlock_deep_sleep_internal  BUILD/LPC1768/ARMC6/mbed-os/platform/source/mbed_power_mgmt.o
    0x00018bd0   0x0000003e   Code   RO         4472    .text.spi_format    BUILD/LPC1768/ARMC6/mbed-os/targets/TARGET_NXP/TARGET_LPC176X/spi_api.o
    0x00018c0e   0x00000002   PAD
    0x00018c10   0x000000d8   Code   RO         4474    .text.spi_frequency  BUILD/LPC1768/ARMC6/mbed-os/targets/TARGET_NXP/TARGET_LPC176X/spi_api.o
    0x00018ce8   0x000000bc   Code   RO         4468    .text.spi_init      BUILD/LPC1768/ARMC6/mbed-os/targets/TARGET_NXP/TARGET_LPC176X/spi_api.o
    0x00018da4   0x00000044   Code   RO         4478    .text.spi_master_block_write  BUILD/LPC1768/ARMC6/mbed-os/targets/TARGET_NXP/TARGET_LPC176X/spi_api.o
    0x00018de8   0x00000014   Code   RO         4476    .text.spi_master_write  BUILD/LPC1768/ARMC6/mbed-os/targets/TARGET_NXP/TARGET_LPC176X/spi_api.o
    0x00018dfc   0x00000008   Code   RO         3023    .text.thread_sleep_for  BUILD/LPC1768/ARMC6/mbed-os/platform/source/mbed_thread.o
    0x00018e04   0x00000024   Code   RO         1773    .text.ticker_insert_event_us  BUILD/LPC1768/ARMC6/mbed-os/hal/source/mbed_ticker_api.o
    0x00018e28   0x0000005e   Code   RO         1763    .text.ticker_irq_handler  BUILD/LPC1768/ARMC6/mbed-os/hal/source/mbed_ticker_api.o
    0x00018e86   0x00000008   Code   RO         1777    .text.ticker_read   BUILD/LPC1768/ARMC6/mbed-os/hal/source/mbed_ticker_api.o
    0x00018e8e   0x00000020   Code   RO         1779    .text.ticker_read_us  BUILD/LPC1768/ARMC6/mbed-os/hal/source/mbed_ticker_api.o
    0x00018eae   0x00000030   Code   RO         1775    .text.ticker_remove_event  BUILD/LPC1768/ARMC6/mbed-os/hal/source/mbed_ticker_api.o
    0x00018ede   0x0000001a   Code   RO         1759    .text.ticker_set_handler  BUILD/LPC1768/ARMC6/mbed-os/hal/source/mbed_ticker_api.o
    0x00018ef8   0x00000012   Code   RO         2943    .text.time          BUILD/LPC1768/ARMC6/mbed-os/platform/source/mbed_rtc_time.o
    0x00018f0a   0x00000002   PAD
    0x00018f0c   0x0000000c   Code   RO         4409    .text.uart0_irq     BUILD/LPC1768/ARMC6/mbed-os/targets/TARGET_NXP/TARGET_LPC176X/serial_api.o
    0x00018f18   0x0000000c   Code   RO         4413    .text.uart1_irq     BUILD/LPC1768/ARMC6/mbed-os/targets/TARGET_NXP/TARGET_LPC176X/serial_api.o
    0x00018f24   0x0000000c   Code   RO         4415    .text.uart2_irq     BUILD/LPC1768/ARMC6/mbed-os/targets/TARGET_NXP/TARGET_LPC176X/serial_api.o
    0x00018f30   0x0000000c   Code   RO         4417    .text.uart3_irq     BUILD/LPC1768/ARMC6/mbed-os/targets/TARGET_NXP/TARGET_LPC176X/serial_api.o
    0x00018f3c   0x00000060   Code   RO         4411    .text.uart_irq      BUILD/LPC1768/ARMC6/mbed-os/targets/TARGET_NXP/TARGET_LPC176X/serial_api.o
    0x00018f9c   0x0000007c   Code   RO         1765    .text.update_present_time  BUILD/LPC1768/ARMC6/mbed-os/hal/source/mbed_ticker_api.o
    0x00019018   0x0000000c   Code   RO         4522    .text.us_ticker_clear_interrupt  BUILD/LPC1768/ARMC6/mbed-os/targets/TARGET_NXP/TARGET_LPC176X/us_ticker.o
    0x00019024   0x0000000c   Code   RO         4514    .text.us_ticker_disable_interrupt  BUILD/LPC1768/ARMC6/mbed-os/targets/TARGET_NXP/TARGET_LPC176X/us_ticker.o
    0x00019030   0x0000000c   Code   RO         4520    .text.us_ticker_fire_interrupt  BUILD/LPC1768/ARMC6/mbed-os/targets/TARGET_NXP/TARGET_LPC176X/us_ticker.o
    0x0001903c   0x00000024   Code   RO         4524    .text.us_ticker_free  BUILD/LPC1768/ARMC6/mbed-os/targets/TARGET_NXP/TARGET_LPC176X/us_ticker.o
    0x00019060   0x00000008   Code   RO         4510    .text.us_ticker_get_info  BUILD/LPC1768/ARMC6/mbed-os/targets/TARGET_NXP/TARGET_LPC176X/us_ticker.o
    0x00019068   0x0000006c   Code   RO         4512    .text.us_ticker_init  BUILD/LPC1768/ARMC6/mbed-os/targets/TARGET_NXP/TARGET_LPC176X/us_ticker.o
    0x000190d4   0x00000014   Code   RO         1803    .text.us_ticker_irq_handler  BUILD/LPC1768/ARMC6/mbed-os/hal/source/mbed_us_ticker_api.o
    0x000190e8   0x0000000c   Code   RO         4516    .text.us_ticker_read  BUILD/LPC1768/ARMC6/mbed-os/targets/TARGET_NXP/TARGET_LPC176X/us_ticker.o
    0x000190f4   0x00000014   Code   RO         4518    .text.us_ticker_set_interrupt  BUILD/LPC1768/ARMC6/mbed-os/targets/TARGET_NXP/TARGET_LPC176X/us_ticker.o
    0x00019108   0x0000001e   Code   RO         3029    .text.wait_us       BUILD/LPC1768/ARMC6/mbed-os/platform/source/mbed_wait_api_no_rtos.o
    0x00019126   0x0000002a   Code   RO         2772    .text.write         BUILD/LPC1768/ARMC6/mbed-os/platform/source/mbed_retarget.o
    0x00019150   0x0000003e   Code   RO         6053    CL$$btod_d2e        /Library/Application Support/Mbed Studio/mbed-studio-tools/ac6/bin/../lib/armlib/c_w.l(btod.o)
    0x0001918e   0x00000046   Code   RO         6055    CL$$btod_d2e_denorm_low  /Library/Application Support/Mbed Studio/mbed-studio-tools/ac6/bin/../lib/armlib/c_w.l(btod.o)
    0x000191d4   0x00000060   Code   RO         6054    CL$$btod_d2e_norm_op1  /Library/Application Support/Mbed Studio/mbed-studio-tools/ac6/bin/../lib/armlib/c_w.l(btod.o)
    0x00019234   0x00000338   Code   RO         6063    CL$$btod_div_common  /Library/Application Support/Mbed Studio/mbed-studio-tools/ac6/bin/../lib/armlib/c_w.l(btod.o)
    0x0001956c   0x000000dc   Code   RO         6060    CL$$btod_e2e        /Library/Application Support/Mbed Studio/mbed-studio-tools/ac6/bin/../lib/armlib/c_w.l(btod.o)
    0x00019648   0x0000002a   Code   RO         6057    CL$$btod_ediv       /Library/Application Support/Mbed Studio/mbed-studio-tools/ac6/bin/../lib/armlib/c_w.l(btod.o)
    0x00019672   0x0000002a   Code   RO         6056    CL$$btod_emul       /Library/Application Support/Mbed Studio/mbed-studio-tools/ac6/bin/../lib/armlib/c_w.l(btod.o)
    0x0001969c   0x00000244   Code   RO         6062    CL$$btod_mult_common  /Library/Application Support/Mbed Studio/mbed-studio-tools/ac6/bin/../lib/armlib/c_w.l(btod.o)
    0x000198e0   0x00000028   Code   RO         6162    i.__ARM_fpclassify  /Library/Application Support/Mbed Studio/mbed-studio-tools/ac6/bin/../lib/armlib/m_ws.l(fpclassify.o)
    0x00019908   0x00000388   Code   RO         5982    i.__ieee754_rem_pio2  /Library/Application Support/Mbed Studio/mbed-studio-tools/ac6/bin/../lib/armlib/m_ws.l(rred.o)
    0x00019c90   0x000000fc   Code   RO         5965    i.__kernel_cos      /Library/Application Support/Mbed Studio/mbed-studio-tools/ac6/bin/../lib/armlib/m_ws.l(cos_i.o)
    0x00019d8c   0x000000aa   Code   RO         6164    i.__kernel_poly     /Library/Application Support/Mbed Studio/mbed-studio-tools/ac6/bin/../lib/armlib/m_ws.l(poly.o)
    0x00019e36   0x00000002   PAD
    0x00019e38   0x000000ec   Code   RO         5987    i.__kernel_sin      /Library/Application Support/Mbed Studio/mbed-studio-tools/ac6/bin/../lib/armlib/m_ws.l(sin_i.o)
    0x00019f24   0x00000006   Code   RO         5969    i.__mathlib_dbl_infnan  /Library/Application Support/Mbed Studio/mbed-studio-tools/ac6/bin/../lib/armlib/m_ws.l(dunder.o)
    0x00019f2a   0x0000000c   Code   RO         5971    i.__mathlib_dbl_invalid  /Library/Application Support/Mbed Studio/mbed-studio-tools/ac6/bin/../lib/armlib/m_ws.l(dunder.o)
    0x00019f36   0x00000002   PAD
    0x00019f38   0x00000010   Code   RO         5974    i.__mathlib_dbl_underflow  /Library/Application Support/Mbed Studio/mbed-studio-tools/ac6/bin/../lib/armlib/m_ws.l(dunder.o)
    0x00019f48   0x0000000e   Code   RO         5479    i._is_digit         /Library/Application Support/Mbed Studio/mbed-studio-tools/ac6/bin/../lib/armlib/c_w.l(__printf_wp.o)
    0x00019f56   0x00000018   Code   RO         5512    i.fgetc             /Library/Application Support/Mbed Studio/mbed-studio-tools/ac6/bin/../lib/armlib/c_w.l(fgetc.o)
    0x00019f6e   0x00000002   PAD
    0x00019f70   0x0000007c   Code   RO         5708    i.floorf            /Library/Application Support/Mbed Studio/mbed-studio-tools/ac6/bin/../lib/armlib/m_ws.l(floorf.o)
    0x00019fec   0x0000001a   Code   RO         5518    i.fputc             /Library/Application Support/Mbed Studio/mbed-studio-tools/ac6/bin/../lib/armlib/c_w.l(fputc.o)
    0x0001a006   0x00000002   PAD
    0x0001a008   0x00000094   Code   RO         5711    i.round             /Library/Application Support/Mbed Studio/mbed-studio-tools/ac6/bin/../lib/armlib/m_ws.l(round.o)
    0x0001a09c   0x000000a0   Code   RO         5714    i.sin               /Library/Application Support/Mbed Studio/mbed-studio-tools/ac6/bin/../lib/armlib/m_ws.l(sin.o)
    0x0001a13c   0x0000004c   Code   RO         5718    i.sqrt              /Library/Application Support/Mbed Studio/mbed-studio-tools/ac6/bin/../lib/armlib/m_ws.l(sqrt.o)
    0x0001a188   0x0000002c   Code   RO         6106    locale$$code        /Library/Application Support/Mbed Studio/mbed-studio-tools/ac6/bin/../lib/armlib/c_w.l(lc_numeric_c.o)
    0x0001a1b4   0x0000002c   Code   RO         6225    locale$$code        /Library/Application Support/Mbed Studio/mbed-studio-tools/ac6/bin/../lib/armlib/c_w.l(lc_ctype_c.o)
    0x0001a1e0   0x00000150   Code   RO         5600    x$fpl$dadd          /Library/Application Support/Mbed Studio/mbed-studio-tools/ac6/bin/../lib/armlib/fz_ws.l(daddsub_clz.o)
    0x0001a330   0x00000010   Code   RO         6198    x$fpl$dcheck1       /Library/Application Support/Mbed Studio/mbed-studio-tools/ac6/bin/../lib/armlib/fz_ws.l(dcheck1.o)
    0x0001a340   0x00000018   Code   RO         6144    x$fpl$dcmpinf       /Library/Application Support/Mbed Studio/mbed-studio-tools/ac6/bin/../lib/armlib/fz_ws.l(dcmpi.o)
    0x0001a358   0x000002b4   Code   RO         5609    x$fpl$ddiv          /Library/Application Support/Mbed Studio/mbed-studio-tools/ac6/bin/../lib/armlib/fz_ws.l(ddiv.o)
    0x0001a60c   0x00000078   Code   RO         5907    x$fpl$deqf          /Library/Application Support/Mbed Studio/mbed-studio-tools/ac6/bin/../lib/armlib/fz_ws.l(deqf.o)
    0x0001a684   0x0000005e   Code   RO         5612    x$fpl$dfix          /Library/Application Support/Mbed Studio/mbed-studio-tools/ac6/bin/../lib/armlib/fz_ws.l(dfix.o)
    0x0001a6e2   0x0000002e   Code   RO         5617    x$fpl$dflt          /Library/Application Support/Mbed Studio/mbed-studio-tools/ac6/bin/../lib/armlib/fz_ws.l(dflt_clz.o)
    0x0001a710   0x00000026   Code   RO         5616    x$fpl$dfltu         /Library/Application Support/Mbed Studio/mbed-studio-tools/ac6/bin/../lib/armlib/fz_ws.l(dflt_clz.o)
    0x0001a736   0x00000002   PAD
    0x0001a738   0x00000078   Code   RO         5909    x$fpl$dgeqf         /Library/Application Support/Mbed Studio/mbed-studio-tools/ac6/bin/../lib/armlib/fz_ws.l(dgeqf.o)
    0x0001a7b0   0x00000078   Code   RO         5911    x$fpl$dleqf         /Library/Application Support/Mbed Studio/mbed-studio-tools/ac6/bin/../lib/armlib/fz_ws.l(dleqf.o)
    0x0001a828   0x00000154   Code   RO         5622    x$fpl$dmul          /Library/Application Support/Mbed Studio/mbed-studio-tools/ac6/bin/../lib/armlib/fz_ws.l(dmul.o)
    0x0001a97c   0x0000009c   Code   RO         5913    x$fpl$dnaninf       /Library/Application Support/Mbed Studio/mbed-studio-tools/ac6/bin/../lib/armlib/fz_ws.l(dnaninf.o)
    0x0001aa18   0x0000000c   Code   RO         5915    x$fpl$dretinf       /Library/Application Support/Mbed Studio/mbed-studio-tools/ac6/bin/../lib/armlib/fz_ws.l(dretinf.o)
    0x0001aa24   0x0000006c   Code   RO         5917    x$fpl$drleqf        /Library/Application Support/Mbed Studio/mbed-studio-tools/ac6/bin/../lib/armlib/fz_ws.l(drleqf.o)
    0x0001aa90   0x000000b4   Code   RO         5919    x$fpl$drnd          /Library/Application Support/Mbed Studio/mbed-studio-tools/ac6/bin/../lib/armlib/fz_ws.l(drnd.o)
    0x0001ab44   0x00000016   Code   RO         5601    x$fpl$drsb          /Library/Application Support/Mbed Studio/mbed-studio-tools/ac6/bin/../lib/armlib/fz_ws.l(daddsub_clz.o)
    0x0001ab5a   0x00000002   PAD
    0x0001ab5c   0x000001cc   Code   RO         5921    x$fpl$dsqrt         /Library/Application Support/Mbed Studio/mbed-studio-tools/ac6/bin/../lib/armlib/fz_ws.l(dsqrt_noumaal.o)
    0x0001ad28   0x000001dc   Code   RO         5602    x$fpl$dsub          /Library/Application Support/Mbed Studio/mbed-studio-tools/ac6/bin/../lib/armlib/fz_ws.l(daddsub_clz.o)
    0x0001af04   0x000000c4   Code   RO         5624    x$fpl$fadd          /Library/Application Support/Mbed Studio/mbed-studio-tools/ac6/bin/../lib/armlib/fz_ws.l(faddsub_clz.o)
    0x0001afc8   0x00000054   Code   RO         5606    x$fpl$fcmp          /Library/Application Support/Mbed Studio/mbed-studio-tools/ac6/bin/../lib/armlib/fz_ws.l(dcmp.o)
    0x0001b01c   0x00000184   Code   RO         5633    x$fpl$fdiv          /Library/Application Support/Mbed Studio/mbed-studio-tools/ac6/bin/../lib/armlib/fz_ws.l(fdiv.o)
    0x0001b1a0   0x00000036   Code   RO         5636    x$fpl$ffix          /Library/Application Support/Mbed Studio/mbed-studio-tools/ac6/bin/../lib/armlib/fz_ws.l(ffix.o)
    0x0001b1d6   0x00000002   PAD
    0x0001b1d8   0x00000030   Code   RO         5645    x$fpl$fflt          /Library/Application Support/Mbed Studio/mbed-studio-tools/ac6/bin/../lib/armlib/fz_ws.l(fflt_clz.o)
    0x0001b208   0x0000008c   Code   RO         5929    x$fpl$fnaninf       /Library/Application Support/Mbed Studio/mbed-studio-tools/ac6/bin/../lib/armlib/fz_ws.l(fnaninf.o)
    0x0001b294   0x0000000a   Code   RO         5931    x$fpl$fretinf       /Library/Application Support/Mbed Studio/mbed-studio-tools/ac6/bin/../lib/armlib/fz_ws.l(fretinf.o)
    0x0001b29e   0x00000002   PAD
    0x0001b2a0   0x000000ea   Code   RO         5626    x$fpl$fsub          /Library/Application Support/Mbed Studio/mbed-studio-tools/ac6/bin/../lib/armlib/fz_ws.l(faddsub_clz.o)
    0x0001b38a   0x00000004   Code   RO         5654    x$fpl$printf1       /Library/Application Support/Mbed Studio/mbed-studio-tools/ac6/bin/../lib/armlib/fz_ws.l(printf1.o)
    0x0001b38e   0x00000004   Code   RO         5933    x$fpl$printf2       /Library/Application Support/Mbed Studio/mbed-studio-tools/ac6/bin/../lib/armlib/fz_ws.l(printf2.o)
    0x0001b392   0x00000064   Code   RO         6235    x$fpl$retnan        /Library/Application Support/Mbed Studio/mbed-studio-tools/ac6/bin/../lib/armlib/fz_ws.l(retnan.o)
    0x0001b3f6   0x0000005c   Code   RO         6152    x$fpl$scalbn        /Library/Application Support/Mbed Studio/mbed-studio-tools/ac6/bin/../lib/armlib/fz_ws.l(scalbn.o)
    0x0001b452   0x00000030   Code   RO         6243    x$fpl$trapveneer    /Library/Application Support/Mbed Studio/mbed-studio-tools/ac6/bin/../lib/armlib/fz_ws.l(trapv.o)
    0x0001b482   0x00000000   Code   RO         5941    x$fpl$usenofp       /Library/Application Support/Mbed Studio/mbed-studio-tools/ac6/bin/../lib/armlib/fz_ws.l(usenofp.o)
    0x0001b482   0x00000028   Data   RO         5467    .constdata          /Library/Application Support/Mbed Studio/mbed-studio-tools/ac6/bin/../lib/armlib/c_w.l(_printf_hex_int_ll_ptr.o)
    0x0001b4aa   0x00000011   Data   RO         5487    .constdata          /Library/Application Support/Mbed Studio/mbed-studio-tools/ac6/bin/../lib/armlib/c_w.l(__printf_flags_ss_wp.o)
    0x0001b4bb   0x00000001   PAD
    0x0001b4bc   0x00000008   Data   RO         5783    .constdata          /Library/Application Support/Mbed Studio/mbed-studio-tools/ac6/bin/../lib/armlib/c_w.l(_printf_wctomb.o)
    0x0001b4c4   0x00000004   PAD
    0x0001b4c8   0x00000030   Data   RO         5966    .constdata          /Library/Application Support/Mbed Studio/mbed-studio-tools/ac6/bin/../lib/armlib/m_ws.l(cos_i.o)
    0x0001b4f8   0x000000cc   Data   RO         5984    .constdata          /Library/Application Support/Mbed Studio/mbed-studio-tools/ac6/bin/../lib/armlib/m_ws.l(rred.o)
    0x0001b5c4   0x00000004   PAD
    0x0001b5c8   0x00000028   Data   RO         5988    .constdata          /Library/Application Support/Mbed Studio/mbed-studio-tools/ac6/bin/../lib/armlib/m_ws.l(sin_i.o)
    0x0001b5f0   0x00000026   Data   RO         6030    .constdata          /Library/Application Support/Mbed Studio/mbed-studio-tools/ac6/bin/../lib/armlib/c_w.l(_printf_fp_hex.o)
    0x0001b616   0x00000002   PAD
    0x0001b618   0x00000094   Data   RO         6051    .constdata          /Library/Application Support/Mbed Studio/mbed-studio-tools/ac6/bin/../lib/armlib/c_w.l(bigflt0.o)
    0x0001b6ac   0x0000000c   Data   RO         6122    .constdata          /Library/Application Support/Mbed Studio/mbed-studio-tools/ac6/bin/../lib/armlib/c_w.l(_monlen.o)
    0x0001b6b8   0x00000000   Data   RO         2969    .rodata             BUILD/LPC1768/ARMC6/mbed-os/platform/source/mbed_sdk_boot.o
    0x0001b6b8   0x0000001e   Data   RO         5287    .rodata..L__const._Z11drawGameWonv.message  BUILD/LPC1768/ARMC6/utilities/graphics/graphics.o
    0x0001b6d6   0x00000002   PAD
    0x0001b6d8   0x0000001e   Data   RO         5288    .rodata..L__const._Z11drawGameWonv.message.50  BUILD/LPC1768/ARMC6/utilities/graphics/graphics.o
    0x0001b6f6   0x00000002   PAD
    0x0001b6f8   0x00000064   Data   RO          474    .rodata..L__const._Z15registerNewUserP4USER.newUserFileName  BUILD/LPC1768/ARMC6/game/interfaces/registration/registration.o
    0x0001b75c   0x0000001e   Data   RO         5283    .rodata..L__const._Z23drawUserStatsBackgroundP4USER.eKilledStat  BUILD/LPC1768/ARMC6/utilities/graphics/graphics.o
    0x0001b77a   0x00000002   PAD
    0x0001b77c   0x0000001e   Data   RO         5282    .rodata..L__const._Z23drawUserStatsBackgroundP4USER.hScoreStat  BUILD/LPC1768/ARMC6/utilities/graphics/graphics.o
    0x0001b79a   0x00000002   PAD
    0x0001b79c   0x0000001e   Data   RO         5284    .rodata..L__const._Z23drawUserStatsBackgroundP4USER.pDeathsStat  BUILD/LPC1768/ARMC6/utilities/graphics/graphics.o
    0x0001b7ba   0x00000002   PAD
    0x0001b7bc   0x0000001e   Data   RO         5285    .rodata..L__const._Z23drawUserStatsBackgroundP4USER.tPointsStat  BUILD/LPC1768/ARMC6/utilities/graphics/graphics.o
    0x0001b7da   0x00000002   PAD
    0x0001b7dc   0x0000001e   Data   RO         5286    .rodata..L__const._Z23drawUserStatsBackgroundP4USER.tTimeStat  BUILD/LPC1768/ARMC6/utilities/graphics/graphics.o
    0x0001b7fa   0x00000002   PAD
    0x0001b7fc   0x00000050   Data   RO         3989    .rodata..Lswitch.table._ZN4mbedL15fat_error_remapE7FRESULT  BUILD/LPC1768/ARMC6/mbed-os/storage/filesystem/fat/source/FATFileSystem.o
    0x0001b84c   0x00000014   Data   RO         4753    .rodata..Lswitch.table._ZN9uLCD_4DGL8set_fontEc.2  BUILD/LPC1768/ARMC6/utilities/4DGL-uLCD-SE/uLCD_4DGL_Text.o
    0x0001b860   0x00000014   Data   RO         4754    .rodata..Lswitch.table._ZN9uLCD_4DGL8set_fontEc.3  BUILD/LPC1768/ARMC6/utilities/4DGL-uLCD-SE/uLCD_4DGL_Text.o
    0x0001b874   0x00000018   Data   RO         4165    .rodata.PinMap_DAC  BUILD/LPC1768/ARMC6/mbed-os/targets/TARGET_NXP/TARGET_LPC176X/analogout_api.o
    0x0001b88c   0x0000003c   Data   RO         4505    .rodata.PinMap_SPI_MISO  BUILD/LPC1768/ARMC6/mbed-os/targets/TARGET_NXP/TARGET_LPC176X/spi_api.o
    0x0001b8c8   0x0000003c   Data   RO         4504    .rodata.PinMap_SPI_MOSI  BUILD/LPC1768/ARMC6/mbed-os/targets/TARGET_NXP/TARGET_LPC176X/spi_api.o
    0x0001b904   0x0000003c   Data   RO         4506    .rodata.PinMap_SPI_SCLK  BUILD/LPC1768/ARMC6/mbed-os/targets/TARGET_NXP/TARGET_LPC176X/spi_api.o
    0x0001b940   0x0000003c   Data   RO         4507    .rodata.PinMap_SPI_SSEL  BUILD/LPC1768/ARMC6/mbed-os/targets/TARGET_NXP/TARGET_LPC176X/spi_api.o
    0x0001b97c   0x00000024   Data   RO         4458    .rodata.PinMap_UART_CTS  BUILD/LPC1768/ARMC6/mbed-os/targets/TARGET_NXP/TARGET_LPC176X/serial_api.o
    0x0001b9a0   0x00000024   Data   RO         4457    .rodata.PinMap_UART_RTS  BUILD/LPC1768/ARMC6/mbed-os/targets/TARGET_NXP/TARGET_LPC176X/serial_api.o
    0x0001b9c4   0x0000006c   Data   RO         4454    .rodata.PinMap_UART_RX  BUILD/LPC1768/ARMC6/mbed-os/targets/TARGET_NXP/TARGET_LPC176X/serial_api.o
    0x0001ba30   0x0000006c   Data   RO         4453    .rodata.PinMap_UART_TX  BUILD/LPC1768/ARMC6/mbed-os/targets/TARGET_NXP/TARGET_LPC176X/serial_api.o
    0x0001ba9c   0x00000eb4   Data   RO         4862    .rodata._ZL10bSoundData  BUILD/LPC1768/ARMC6/utilities/audio/gameMusic.o
    0x0001c950   0x00001000   Data   RO         4861    .rodata._ZL10hSoundData  BUILD/LPC1768/ARMC6/utilities/audio/gameMusic.o
    0x0001d950   0x000107a8   Data   RO         4858    .rodata._ZL10lSoundData  BUILD/LPC1768/ARMC6/utilities/audio/gameMusic.o
    0x0002e0f8   0x00001270   Data   RO         4857    .rodata._ZL10pSoundData  BUILD/LPC1768/ARMC6/utilities/audio/gameMusic.o
    0x0002f368   0x00010000   Data   RO         5289    .rodata._ZL10profileImg  BUILD/LPC1768/ARMC6/utilities/graphics/graphics.o
    0x0003f368   0x0000ccd2   Data   RO         4860    .rodata._ZL10xSoundData  BUILD/LPC1768/ARMC6/utilities/audio/gameMusic.o
    0x0004c03a   0x0000044a   Data   RO         5277    .rodata._ZL11PLAYER_IMGS  BUILD/LPC1768/ARMC6/utilities/graphics/graphics.o
    0x0004c484   0x0000e1f4   Data   RO         4863    .rodata._ZL12winSoundData  BUILD/LPC1768/ARMC6/utilities/audio/gameMusic.o
    0x0005a678   0x00004da6   Data   RO         4864    .rodata._ZL13loseSoundData  BUILD/LPC1768/ARMC6/utilities/audio/gameMusic.o
    0x0005f41e   0x00000002   PAD
    0x0005f420   0x00010000   Data   RO         5276    .rodata._ZL14gameBackground  BUILD/LPC1768/ARMC6/utilities/graphics/graphics.o
    0x0006f420   0x00002400   Data   RO         4859    .rodata._ZL16missileSoundData  BUILD/LPC1768/ARMC6/utilities/audio/gameMusic.o
    0x00071820   0x0000044a   Data   RO         5278    .rodata._ZL17NORMAL_ENEMY_IMGS  BUILD/LPC1768/ARMC6/utilities/graphics/graphics.o
    0x00071c6a   0x0000044a   Data   RO         5279    .rodata._ZL18MISSILE_ENEMY_IMGS  BUILD/LPC1768/ARMC6/utilities/graphics/graphics.o
    0x000720b4   0x00000fcf   Data   RO         5275    .rodata._ZL4font    BUILD/LPC1768/ARMC6/utilities/graphics/graphics.o
    0x00073083   0x00000080   Data   RO         3867    .rodata._ZL5ExCvt   BUILD/LPC1768/ARMC6/mbed-os/storage/filesystem/fat/ChaN/ff.o
    0x00073103   0x0000003c   Data   RO         4865    .rodata._ZL5songs   BUILD/LPC1768/ARMC6/utilities/audio/gameMusic.o
    0x0007313f   0x00000001   PAD
    0x00073140   0x00000100   Data   RO         3878    .rodata._ZL5uc437   BUILD/LPC1768/ARMC6/mbed-os/storage/filesystem/fat/ChaN/ffunicode.o
    0x00073240   0x0000000d   Data   RO         3868    .rodata._ZL6LfnOfs  BUILD/LPC1768/ARMC6/mbed-os/storage/filesystem/fat/ChaN/ff.o
    0x0007324d   0x00000cba   Data   RO         5280    .rodata._ZL9BOSS_IMGS  BUILD/LPC1768/ARMC6/utilities/graphics/graphics.o
    0x00073f07   0x00000001   PAD
    0x00073f08   0x00000050   Data   RO         2905    .rodata._ZTV12DirectSerial  BUILD/LPC1768/ARMC6/mbed-os/platform/source/mbed_retarget.o
    0x00073f58   0x00000064   Data   RO         3265    .rodata._ZTV13SDBlockDevice  BUILD/LPC1768/ARMC6/mbed-os/storage/blockdevice/COMPONENT_SD/source/SDBlockDevice.o
    0x00073fbc   0x00000070   Data   RO         4818    .rodata._ZTV9uLCD_4DGL  BUILD/LPC1768/ARMC6/utilities/4DGL-uLCD-SE/uLCD_4DGL_main.o
    0x0007402c   0x00000050   Data   RO         2017    .rodata._ZTVN4mbed10FileHandleE  BUILD/LPC1768/ARMC6/mbed-os/platform/source/FileHandle.o
    0x0007407c   0x00000090   Data   RO         4104    .rodata._ZTVN4mbed10FileSystemE  BUILD/LPC1768/ARMC6/mbed-os/storage/filesystem/source/FileSystem.o
    0x0007410c   0x00000018   Data   RO         1415    .rodata._ZTVN4mbed10SerialBaseE  BUILD/LPC1768/ARMC6/mbed-os/drivers/source/SerialBase.o
    0x00074124   0x0000000c   Data   RO         1447    .rodata._ZTVN4mbed10TickerBaseE  BUILD/LPC1768/ARMC6/mbed-os/drivers/source/Ticker.o
    0x00074130   0x0000000c   Data   RO         1524    .rodata._ZTVN4mbed10TimerEventE  BUILD/LPC1768/ARMC6/mbed-os/drivers/source/TimerEvent.o
    0x0007413c   0x000000a0   Data   RO         3987    .rodata._ZTVN4mbed13FATFileSystemE  BUILD/LPC1768/ARMC6/mbed-os/storage/filesystem/fat/source/FATFileSystem.o
    0x000741dc   0x00000098   Data   RO          865    .rodata._ZTVN4mbed14BufferedSerialE  BUILD/LPC1768/ARMC6/mbed-os/drivers/source/BufferedSerial.o
    0x00074274   0x0000003c   Data   RO         4132    .rodata._ZTVN4mbed14FileSystemLikeE  BUILD/LPC1768/ARMC6/mbed-os/storage/filesystem/source/FileSystem.o
    0x000742b0   0x0000002c   Data   RO         2060    .rodata._ZTVN4mbed16FileSystemHandleE  BUILD/LPC1768/ARMC6/mbed-os/platform/source/FileSystemHandle.o
    0x000742dc   0x0000002c   Data   RO         4018    .rodata._ZTVN4mbed3DirE  BUILD/LPC1768/ARMC6/mbed-os/storage/filesystem/source/Dir.o
    0x00074308   0x00000020   Data   RO         1331    .rodata._ZTVN4mbed3SPIE  BUILD/LPC1768/ARMC6/mbed-os/drivers/source/SPI.o
    0x00074328   0x00000054   Data   RO         4055    .rodata._ZTVN4mbed4FileE  BUILD/LPC1768/ARMC6/mbed-os/storage/filesystem/source/File.o
    0x0007437c   0x00000070   Data   RO         2199    .rodata._ZTVN4mbed6StreamE  BUILD/LPC1768/ARMC6/mbed-os/platform/source/Stream.o
    0x000743ec   0x0000000c   Data   RO         1449    .rodata._ZTVN4mbed6TickerE  BUILD/LPC1768/ARMC6/mbed-os/drivers/source/Ticker.o
    0x000743f8   0x0000002c   Data   RO         4134    .rodata._ZTVN4mbed7ManagedINS_3DirEEE  BUILD/LPC1768/ARMC6/mbed-os/storage/filesystem/source/FileSystem.o
    0x00074424   0x00000054   Data   RO         4133    .rodata._ZTVN4mbed7ManagedINS_4FileEEE  BUILD/LPC1768/ARMC6/mbed-os/storage/filesystem/source/FileSystem.o
    0x00074478   0x00000010   Data   RO         2011    .rodata._ZTVN4mbed8FileBaseE  BUILD/LPC1768/ARMC6/mbed-os/platform/source/FileBase.o
    0x00074488   0x00000060   Data   RO         2215    .rodata._ZTVN4mbed8FileLikeE  BUILD/LPC1768/ARMC6/mbed-os/platform/source/Stream.o
    0x000744e8   0x0000000c   Data   RO         2406    .rodata._ZTVN4mbed8internal8SysTimerINSt3__25ratioILx1ELx1000EEELb1EEE  BUILD/LPC1768/ARMC6/mbed-os/platform/source/SysTimer.o
    0x000744f4   0x00000018   Data   RO         4882    .rodata._ZTVN4mbed9AnalogOutE  BUILD/LPC1768/ARMC6/utilities/audio/gameMusic.o
    0x0007450c   0x00000018   Data   RO         2912    .rodata._ZZL15default_consolevE14console_pinmap  BUILD/LPC1768/ARMC6/mbed-os/platform/source/mbed_retarget.o
    0x00074524   0x00000008   Data   RO         2902    .rodata.__stderr_name  BUILD/LPC1768/ARMC6/mbed-os/platform/source/mbed_retarget.o
    0x0007452c   0x00000007   Data   RO         2900    .rodata.__stdin_name  BUILD/LPC1768/ARMC6/mbed-os/platform/source/mbed_retarget.o
    0x00074533   0x00000008   Data   RO         2901    .rodata.__stdout_name  BUILD/LPC1768/ARMC6/mbed-os/platform/source/mbed_retarget.o
    0x0007453b   0x00000004   Data   RO          409    .rodata.cst4        BUILD/LPC1768/ARMC6/game/interfaces/menu/menu.o
    0x0007453f   0x00000001   PAD
    0x00074540   0x00000060   Data   RO         2655    .rodata.seconds_before_month  BUILD/LPC1768/ARMC6/mbed-os/platform/source/mbed_mktime.o
    0x000745a0   0x00000007   Data   RO          284    .rodata.str1.1      BUILD/LPC1768/ARMC6/game/gameLoops/game.o
    0x000745a7   0x00000064   Data   RO          725    .rodata.str1.1      BUILD/LPC1768/ARMC6/game/users/users.o
    0x0007460b   0x000000c8   Data   RO         2418    .rodata.str1.1      BUILD/LPC1768/ARMC6/mbed-os/platform/source/TARGET_CORTEX_M/mbed_fault_handler.o
    0x000746d3   0x0000001c   Data   RO         4856    .rodata.str1.1      BUILD/LPC1768/ARMC6/utilities/audio/gameMusic.o
    0x000746ef   0x000001a9   Data   RO         4918    .rodata.str1.1      BUILD/LPC1768/ARMC6/utilities/doublyLinkedList/doublyLinkedList.o
    0x00074898   0x00000024   Data   RO         5281    .rodata.str1.1      BUILD/LPC1768/ARMC6/utilities/graphics/graphics.o
    0x000748bc   0x0000001c   Data   RO         3866    .rodata.str2.2      BUILD/LPC1768/ARMC6/mbed-os/storage/filesystem/fat/ChaN/ff.o
    0x000748d8   0x000002ae   Data   RO         3879    .rodata.str2.2      BUILD/LPC1768/ARMC6/mbed-os/storage/filesystem/fat/ChaN/ffunicode.o
    0x00074b86   0x00000002   PAD
    0x00074b88   0x00000008   Data   RO         1809    .rodata.us_data     BUILD/LPC1768/ARMC6/mbed-os/hal/source/mbed_us_ticker_api.o
    0x00074b90   0x00000024   Data   RO         1812    .rodata.us_interface  BUILD/LPC1768/ARMC6/mbed-os/hal/source/mbed_us_ticker_api.o
    0x00074bb4   0x00000008   Data   RO         4526    .rodata.us_ticker_get_info.info  BUILD/LPC1768/ARMC6/mbed-os/targets/TARGET_NXP/TARGET_LPC176X/us_ticker.o
    0x00074bbc   0x00000020   Data   RO         6261    Region$$Table       anon$$obj.o
    0x00074bdc   0x0000001c   Data   RO         6105    locale$$data        /Library/Application Support/Mbed Studio/mbed-studio-tools/ac6/bin/../lib/armlib/c_w.l(lc_numeric_c.o)
    0x00074bf8   0x00000110   Data   RO         6224    locale$$data        /Library/Application Support/Mbed Studio/mbed-studio-tools/ac6/bin/../lib/armlib/c_w.l(lc_ctype_c.o)
    0x00074d08   0x00000004   Data   RO          285    .init_array         BUILD/LPC1768/ARMC6/game/gameLoops/game.o
    0x00074d0c   0x00000004   Data   RO         4866    .init_array         BUILD/LPC1768/ARMC6/utilities/audio/gameMusic.o
    0x00074d10   0x00000004   Data   RO         5327    .init_array         BUILD/LPC1768/ARMC6/utilities/hardware/hardware.o
    0x00074d14   0x00000000   Data   RO         5595    .init_array         /Library/Application Support/Mbed Studio/mbed-studio-tools/ac6/bin/../lib/armlib/c_w.l(init_aeabi.o)


    Execution Region RW_IRAM1 (Base: 0x100000c8, Size: 0x00001090, Max: 0x00007f18, ABSOLUTE, COMPRESSED[0x000000d0])

    Base Addr    Size         Type   Attr      Idx    E Section Name        Object

    0x100000c8   0x00000004   Data   RW         5536    .data               /Library/Application Support/Mbed Studio/mbed-studio-tools/ac6/bin/../lib/armlib/c_w.l(stdio_streams.o)
    0x100000cc   0x00000004   Data   RW         5537    .data               /Library/Application Support/Mbed Studio/mbed-studio-tools/ac6/bin/../lib/armlib/c_w.l(stdio_streams.o)
    0x100000d0   0x00000004   Data   RW         5538    .data               /Library/Application Support/Mbed Studio/mbed-studio-tools/ac6/bin/../lib/armlib/c_w.l(stdio_streams.o)
    0x100000d4   0x00000010   Data   RW         2948    .data..L_MergedGlobals  BUILD/LPC1768/ARMC6/mbed-os/platform/source/mbed_rtc_time.o
    0x100000e4   0x00000004   PAD
    0x100000e8   0x00000038   Data   RW         4867    .data..L_MergedGlobals  BUILD/LPC1768/ARMC6/utilities/audio/gameMusic.o
    0x10000120   0x00000004   Data   RW         4250    .data.SystemCoreClock  BUILD/LPC1768/ARMC6/mbed-os/targets/TARGET_NXP/TARGET_LPC176X/device/system_LPC17xx.o
    0x10000124   0x00000040   Data   RW         2911    .data._ZL11filehandles  BUILD/LPC1768/ARMC6/mbed-os/platform/source/mbed_retarget.o
    0x10000164   0x00000007   Data   RW          473    .data.defaultSkins  BUILD/LPC1768/ARMC6/game/interfaces/registration/registration.o
    0x1000016b   0x00000001   PAD
    0x1000016c   0x00000004   Data   RW         1810    .data.irq_handler   BUILD/LPC1768/ARMC6/mbed-os/hal/source/mbed_us_ticker_api.o
    0x10000170   0x00000007   Data   RW          408    .data.skins         BUILD/LPC1768/ARMC6/game/interfaces/menu/menu.o
    0x10000177   0x0000012c   Data   RW          724    .data.userNames     BUILD/LPC1768/ARMC6/game/users/users.o
    0x100002a3   0x00000001   PAD
    0x100002a4   0x00000004   Zero   RW         5344    .bss                /Library/Application Support/Mbed Studio/mbed-studio-tools/ac6/bin/../lib/armlib/c_w.l(rt_errno_addr.o)
    0x100002a8   0x00000054   Zero   RW         5533    .bss                /Library/Application Support/Mbed Studio/mbed-studio-tools/ac6/bin/../lib/armlib/c_w.l(stdio_streams.o)
    0x100002fc   0x00000054   Zero   RW         5534    .bss                /Library/Application Support/Mbed Studio/mbed-studio-tools/ac6/bin/../lib/armlib/c_w.l(stdio_streams.o)
    0x10000350   0x00000054   Zero   RW         5535    .bss                /Library/Application Support/Mbed Studio/mbed-studio-tools/ac6/bin/../lib/armlib/c_w.l(stdio_streams.o)
    0x100003a4   0x000000e4   Zero   RW         5555    .bss                /Library/Application Support/Mbed Studio/mbed-studio-tools/ac6/bin/../lib/armlib/c_w.l(rand.o)
    0x10000488   0x0000002c   Zero   RW         5587    .bss                /Library/Application Support/Mbed Studio/mbed-studio-tools/ac6/bin/../lib/armlib/c_w.l(localtime.o)
    0x100004b4   0x00000004   Zero   RW         5734    .bss                /Library/Application Support/Mbed Studio/mbed-studio-tools/ac6/bin/../lib/armlib/c_w.l(rt_heap_descriptor.o)
    0x100004b8   0x00000014   Zero   RW         6013    .bss                /Library/Application Support/Mbed Studio/mbed-studio-tools/ac6/bin/../lib/armlib/c_w.l(rt_locale.o)
    0x100004cc   0x00000008   Zero   RW          109    .bss..L_MergedGlobals  BUILD/LPC1768/ARMC6/game/characters/finalBoss/finalBoss.o
    0x100004d4   0x00000008   Zero   RW          166    .bss..L_MergedGlobals  BUILD/LPC1768/ARMC6/game/characters/opponent/opponent.o
    0x100004dc   0x00000008   Zero   RW          223    .bss..L_MergedGlobals  BUILD/LPC1768/ARMC6/game/characters/player/player.o
    0x100004e4   0x00000004   PAD
    0x100004e8   0x00000020   Zero   RW          286    .bss..L_MergedGlobals  BUILD/LPC1768/ARMC6/game/gameLoops/game.o
    0x10000508   0x00000010   Zero   RW          315    .bss..L_MergedGlobals  BUILD/LPC1768/ARMC6/game/healthBars/healthBar.o
    0x10000518   0x00000078   Zero   RW          364    .bss..L_MergedGlobals  BUILD/LPC1768/ARMC6/game/interfaces/login/login.o
    0x10000590   0x00000058   Zero   RW          410    .bss..L_MergedGlobals  BUILD/LPC1768/ARMC6/game/interfaces/menu/menu.o
    0x100005e8   0x00000078   Zero   RW          476    .bss..L_MergedGlobals  BUILD/LPC1768/ARMC6/game/interfaces/registration/registration.o
    0x10000660   0x00000010   Zero   RW          684    .bss..L_MergedGlobals  BUILD/LPC1768/ARMC6/game/projectiles/projectile.o
    0x10000670   0x00000018   Zero   RW         1332    .bss..L_MergedGlobals  BUILD/LPC1768/ARMC6/mbed-os/drivers/source/SPI.o
    0x10000688   0x00000002   Zero   RW         1687    .bss..L_MergedGlobals  BUILD/LPC1768/ARMC6/mbed-os/hal/source/mbed_critical_section_api.o
    0x1000068a   0x00000002   PAD
    0x1000068c   0x00000010   Zero   RW         2012    .bss..L_MergedGlobals  BUILD/LPC1768/ARMC6/mbed-os/platform/source/FileBase.o
    0x1000069c   0x00000070   Zero   RW         2602    .bss..L_MergedGlobals  BUILD/LPC1768/ARMC6/mbed-os/platform/source/mbed_error.o
    0x1000070c   0x00000004   PAD
    0x10000710   0x00000050   Zero   RW         2678    .bss..L_MergedGlobals  BUILD/LPC1768/ARMC6/mbed-os/platform/source/mbed_os_timer.o
    0x10000760   0x00000028   Zero   RW         2914    .bss..L_MergedGlobals  BUILD/LPC1768/ARMC6/mbed-os/platform/source/mbed_retarget.o
    0x10000788   0x00000008   Zero   RW         2970    .bss..L_MergedGlobals  BUILD/LPC1768/ARMC6/mbed-os/platform/source/mbed_sdk_boot.o
    0x10000790   0x00000014   Zero   RW         3869    .bss..L_MergedGlobals  BUILD/LPC1768/ARMC6/mbed-os/storage/filesystem/fat/ChaN/ff.o
    0x100007a4   0x00000004   PAD
    0x100007a8   0x00000010   Zero   RW         4459    .bss..L_MergedGlobals  BUILD/LPC1768/ARMC6/mbed-os/targets/TARGET_NXP/TARGET_LPC176X/serial_api.o
    0x100007b8   0x0000006c   Zero   RW         5328    .bss..L_MergedGlobals  BUILD/LPC1768/ARMC6/utilities/hardware/hardware.o
    0x10000824   0x0000004c   Zero   RW          365    .bss..L_MergedGlobals.1  BUILD/LPC1768/ARMC6/game/interfaces/login/login.o
    0x10000870   0x00000078   Zero   RW         5329    .bss..L_MergedGlobals.30  BUILD/LPC1768/ARMC6/utilities/hardware/hardware.o
    0x100008e8   0x00000078   Zero   RW         5330    .bss..L_MergedGlobals.31  BUILD/LPC1768/ARMC6/utilities/hardware/hardware.o
    0x10000960   0x00000078   Zero   RW         5331    .bss..L_MergedGlobals.32  BUILD/LPC1768/ARMC6/utilities/hardware/hardware.o
    0x100009d8   0x00000078   Zero   RW         5332    .bss..L_MergedGlobals.33  BUILD/LPC1768/ARMC6/utilities/hardware/hardware.o
    0x10000a50   0x00000030   Zero   RW         5333    .bss..L_MergedGlobals.34  BUILD/LPC1768/ARMC6/utilities/hardware/hardware.o
    0x10000a80   0x00000044   Zero   RW          477    .bss..L_MergedGlobals.6  BUILD/LPC1768/ARMC6/game/interfaces/registration/registration.o
    0x10000ac4   0x00000004   PAD
    0x10000ac8   0x00000070   Zero   RW         4868    .bss..L_MergedGlobals.8  BUILD/LPC1768/ARMC6/utilities/audio/gameMusic.o
    0x10000b38   0x00000008   Zero   RW         2910    .bss._ZL16filehandle_mutex  BUILD/LPC1768/ARMC6/mbed-os/platform/source/mbed_retarget.o
    0x10000b40   0x00000008   Zero   RW         2947    .bss._ZL6_mutex     BUILD/LPC1768/ARMC6/mbed-os/platform/source/mbed_rtc_time.o
    0x10000b48   0x00000001   Zero   RW         3865    .bss._ZL7CurrVol    BUILD/LPC1768/ARMC6/mbed-os/storage/filesystem/fat/ChaN/ff.o
    0x10000b49   0x00000003   PAD
    0x10000b4c   0x00000008   Zero   RW         3988    .bss._ZN4mbedL10_ffs_mutexE  BUILD/LPC1768/ARMC6/mbed-os/storage/filesystem/fat/source/FATFileSystem.o
    0x10000b54   0x00000010   Zero   RW         3986    .bss._ZN4mbedL4_ffsE  BUILD/LPC1768/ARMC6/mbed-os/storage/filesystem/fat/source/FATFileSystem.o
    0x10000b64   0x00000001   Zero   RW         1811    .bss._us_ticker_initialized  BUILD/LPC1768/ARMC6/mbed-os/hal/source/mbed_us_ticker_api.o
    0x10000b65   0x00000003   PAD
    0x10000b68   0x00000004   Zero   RW         2557    .bss.critical_section_reentrancy_counter  BUILD/LPC1768/ARMC6/mbed-os/platform/source/mbed_critical.o
    0x10000b6c   0x00000002   Zero   RW         2721    .bss.deep_sleep_lock  BUILD/LPC1768/ARMC6/mbed-os/platform/source/mbed_power_mgmt.o
    0x10000b6e   0x00000002   PAD
    0x10000b70   0x00000004   Zero   RW           62    .bss.enemyDLL       BUILD/LPC1768/ARMC6/game/characters/enemies/enemy.o
    0x10000b74   0x00000004   PAD
    0x10000b78   0x00000038   Zero   RW         1813    .bss.events         BUILD/LPC1768/ARMC6/mbed-os/hal/source/mbed_us_ticker_api.o
    0x10000bb0   0x0000005c   Zero   RW         5326    .bss.fs             BUILD/LPC1768/ARMC6/utilities/hardware/hardware.o
    0x10000c0c   0x00000001   Zero   RW         2601    .bss.halt_in_progress  BUILD/LPC1768/ARMC6/mbed-os/platform/source/mbed_error.o
    0x10000c0d   0x00000003   PAD
    0x10000c10   0x00000004   Zero   RW         4456    .bss.irq_handler    BUILD/LPC1768/ARMC6/mbed-os/targets/TARGET_NXP/TARGET_LPC176X/serial_api.o
    0x10000c14   0x00000001   Zero   RW         2600    .bss.mbed_error_in_progress  BUILD/LPC1768/ARMC6/mbed-os/platform/source/mbed_error.o
    0x10000c15   0x00000003   PAD
    0x10000c18   0x00000054   Zero   RW         2419    .bss.mbed_fault_context  BUILD/LPC1768/ARMC6/mbed-os/platform/source/TARGET_CORTEX_M/mbed_fault_handler.o
    0x10000c6c   0x00000004   Zero   RW         2904    .bss.mbed_heap_size  BUILD/LPC1768/ARMC6/mbed-os/platform/source/mbed_retarget.o
    0x10000c70   0x00000004   Zero   RW         2903    .bss.mbed_heap_start  BUILD/LPC1768/ARMC6/mbed-os/platform/source/mbed_retarget.o
    0x10000c74   0x00000004   PAD
    0x10000c78   0x00000090   Zero   RW         5325    .bss.sd_block       BUILD/LPC1768/ARMC6/utilities/hardware/hardware.o
    0x10000d08   0x00000308   Zero   RW         5324    .bss.uLCD           BUILD/LPC1768/ARMC6/utilities/hardware/hardware.o
    0x10001010   0x000000e0   Zero   RW         4455    .bss.uart_data      BUILD/LPC1768/ARMC6/mbed-os/targets/TARGET_NXP/TARGET_LPC176X/serial_api.o
    0x100010f0   0x00000001   Zero   RW         4527    .bss.us_ticker_inited  BUILD/LPC1768/ARMC6/mbed-os/targets/TARGET_NXP/TARGET_LPC176X/us_ticker.o
    0x100010f1   0x00000003   PAD
    0x100010f4   0x00000064   Zero   RW          723    .bss.userFileName   BUILD/LPC1768/ARMC6/game/users/users.o


    Execution Region ARM_LIB_HEAP (Base: 0x10001160, Size: 0x00005e80, Max: 0x00005e80, ABSOLUTE)

    Base Addr    Size         Type   Attr      Idx    E Section Name        Object

    0x10001160   0x00005e80   Zero   RW            1    ARM_LIB_HEAP.bss    anon$$obj.o


    Execution Region ARM_LIB_STACK (Base: 0x10007000, Size: 0x00001000, Max: 0x00001000, ABSOLUTE)

    Base Addr    Size         Type   Attr      Idx    E Section Name        Object

    0x10007000   0x00001000   Zero   RW            2    ARM_LIB_STACK.bss   anon$$obj.o


    Execution Region RW_IRAM2 (Base: 0x2007c000, Size: 0x00000000, Max: 0x00004000, ABSOLUTE)

    **** No section assigned to this execution region ****


    Execution Region RW_IRAM3 (Base: 0x20080000, Size: 0x00000000, Max: 0x00004000, ABSOLUTE)

    **** No section assigned to this execution region ****


    Execution Region RW_IRAM4 (Base: 0x40038000, Size: 0x00000000, Max: 0x00000800, ABSOLUTE)

    **** No section assigned to this execution region ****


==============================================================================

Image component sizes


      Code (inc. data)   RO Data    RW Data    ZI Data      Debug   

     90250       5290     366072        464      31500      40780   Object Totals
         0          0         32          0      28288          0   (incl. Generated)
       136          0         21          6         43          0   (incl. Padding)
     20728       1098        866         12        552      13836   Library Totals
        32          0         11          0          0          0   (incl. Padding)

==============================================================================


      Code (inc. data)   RO Data    RW Data    ZI Data      Debug   

    110978       6388     366938        476      32052      45076   Grand Totals
    110978       6388     366938        208      32052      45076   ELF Image Totals (compressed)
    110978       6388     366938        208          0          0   ROM Totals

==============================================================================

    Total RO  Size (Code + RO Data)               477916 ( 466.71kB)
    Total RW  Size (RW Data + ZI Data)             32528 (  31.77kB)
    Total ROM Size (Code + RO Data + RW Data)     478124 ( 466.92kB)

==============================================================================

